10-07 01:15:13.825 16867 16867 D FeatureLoader: getCameraFeature, BACK_WIDE_CAMERA_RESOLUTION_16BY9_SMALL is not defined. it use default value : 
10-07 01:15:13.825 16867 16867 D FeatureLoader: getCameraFeature, BACK_WIDE_CAMERA_RESOLUTION_4BY3_LARGE is not defined. it use default value : 
10-07 01:15:13.825 16867 16867 D FeatureLoader: getCameraFeature, BACK_WIDE_CAMERA_RESOLUTION_4BY3_MEDIUM is not defined. it use default value : 
10-07 01:15:13.826 16867 16867 D FeatureLoader: getCameraFeature, BACK_WIDE_CAMERA_RESOLUTION_4BY3_SMALL is not defined. it use default value : 
10-07 01:15:13.826 16867 16867 D FeatureLoader: getCameraFeature, BACK_WIDE_CAMERA_RESOLUTION_1BY1_LARGE is not defined. it use default value : 
10-07 01:15:13.826 16867 16867 D FeatureLoader: getCameraFeature, BACK_WIDE_CAMERA_RESOLUTION_1BY1_MEDIUM is not defined. it use default value : 
10-07 01:15:13.826 16867 16867 D FeatureLoader: getCameraFeature, BACK_WIDE_CAMERA_RESOLUTION_1BY1_SMALL is not defined. it use default value : 
10-07 01:15:13.826 16867 16867 D FeatureLoader: getCameraFeature, BACK_SUPER_WIDE_CAMERA_RESOLUTION_4BY3 is not defined. it use default value : 
10-07 01:15:13.826 16867 16867 D FeatureLoader: getCameraFeature, BACK_SUPER_WIDE_CAMERA_RESOLUTION_16BY9 is not defined. it use default value : 
10-07 01:15:13.826 16867 16867 D FeatureLoader: getCameraFeature, BACK_SUPER_WIDE_CAMERA_RESOLUTION_1BY1 is not defined. it use default value : 
10-07 01:15:13.826 16867 16867 D FeatureLoader: getCameraFeature, BACK_SUPER_WIDE_CAMERA_RESOLUTION_18DOT5BY9 is not defined. it use default value : 
10-07 01:15:13.826 16867 16867 D FeatureLoader: getCameraFeature, BACK_SUPER_WIDE_CAMERA_RESOLUTION_19DOT5BY9 is not defined. it use default value : 
10-07 01:15:13.826 16867 16867 D FeatureLoader: getCameraFeature, BACK_SUPER_WIDE_CAMERA_RESOLUTION_19BY9 is not defined. it use default value : 
10-07 01:15:13.826 16867 16867 D FeatureLoader: getCameraFeature [FRONT_CAMERA_PICTURE_DEFAULT_RESOLUTION] = 3264x2448
10-07 01:15:13.826 16867 16867 D FeatureLoader: getCameraFeature [BACK_CAMERA_RECORDING_DEFAULT_RESOLUTION] = 1920x1080
10-07 01:15:13.826 16867 16867 D FeatureLoader: getCameraFeature [BACK_CAMERA_RECORDING_MIN_RESOLUTION] = 640x480
10-07 01:15:13.826 16867 16867 D FeatureLoader: getCameraFeature [BACK_CAMCORDER_RESOLUTION_FEATURE_MAP_3840X2160] = {preview-size=3840x2160, snapshot-size=4032x2268, snapshot-support=true, hdr=false, effect=false, value=true, object-tracking=false, vdis=true}
10-07 01:15:13.826 16867 16867 D FeatureLoader: getCameraFeature, BACK_CAMCORDER_RESOLUTION_FEATURE_MAP_3840X2160_60FPS is not defined. it use default value : {preview-size=, snapshot-size=, snapshot-support=true, hdr=true, effect=true, seamless-zoom-support=true, external-storage-support=true, value=false, hdr10=false, object-tracking=true, vdis=true}
10-07 01:15:13.826 16867 16867 D FeatureLoader: getCameraFeature, BACK_CAMCORDER_RESOLUTION_FEATURE_MAP_1728X1080 is not defined. it use default value : {preview-size=, snapshot-size=, snapshot-support=true, hdr=true, effect=true, seamless-zoom-support=true, external-storage-support=true, value=false, hdr10=false, object-tracking=true, vdis=true}
10-07 01:15:13.826 16867 16867 D FeatureLoader: getCameraFeature [BACK_CAMCORDER_RESOLUTION_FEATURE_MAP_2560X1440] = {preview-size=2560x1440, snapshot-size=4032x2268, snapshot-support=true, hdr=false, effect=false, value=true, object-tracking=false, vdis=true}
10-07 01:15:13.826 16867 16867 D FeatureLoader: getCameraFeature, BACK_CAMCORDER_RESOLUTION_FEATURE_MAP_2336X1080 is not defined. it use default value : {preview-size=, snapshot-size=, snapshot-support=true, hdr=true, effect=true, seamless-zoom-support=true, external-storage-support=true, value=false, hdr10=false, object-tracking=true, vdis=true}
10-07 01:15:13.826 16867 16867 D FeatureLoader: getCameraFeature, BACK_CAMCORDER_RESOLUTION_FEATURE_MAP_2288X1080 is not defined. it use default value : {preview-size=, snapshot-size=, snapshot-support=true, hdr=true, effect=true, seamless-zoom-support=true, external-storage-support=true, value=false, hdr10=false, object-tracking=true, vdis=true}
10-07 01:15:13.826 16867 16867 D FeatureLoader: getCameraFeature [BACK_CAMCORDER_RESOLUTION_FEATURE_MAP_2224X1080] = {preview-size=2224x1080, snapshot-size=4032x1960, snapshot-support=true, hdr=true, effect=true, value=true, object-tracking=true, vdis=true}
10-07 01:15:13.826 16867 16867 D FeatureLoader: getCameraFeature [BACK_CAMCORDER_RESOLUTION_FEATURE_MAP_1920X1080] = {preview-size=1920x1080, snapshot-size=4032x2268, snapshot-support=true, hdr=true, effect=true, value=true, object-tracking=true, vdis=true}
10-07 01:15:13.826 16867 16867 D FeatureLoader: getCameraFeature [BACK_CAMCORDER_RESOLUTION_FEATURE_MAP_1920X1080_60FPS] = {preview-size=1920x1080, snapshot-size=4032x2268, snapshot-support=false, hdr=false, effect=false, value=true, object-tracking=false, vdis=true}
10-07 01:15:13.826 16867 16867 D FeatureLoader: getCameraFeature, BACK_CAMCORDER_RESOLUTION_FEATURE_MAP_1920X936 is not defined. it use default value : {preview-size=, snapshot-size=, snapshot-support=true, hdr=true, effect=true, seamless-zoom-support=true, external-storage-support=true, value=false, hdr10=false, object-tracking=true, vdis=true}
10-07 01:15:13.826 16867 16867 D FeatureLoader: getCameraFeature, BACK_CAMCORDER_RESOLUTION_FEATURE_MAP_1920X908 is not defined. it use default value : {preview-size=, snapshot-size=, snapshot-support=true, hdr=true, effect=true, seamless-zoom-support=true, external-storage-support=true, value=false, hdr10=false, object-tracking=true, vdis=true}
10-07 01:15:13.826 16867 16867 D FeatureLoader: getCameraFeature, BACK_CAMCORDER_RESOLUTION_FEATURE_MAP_1440X1080 is not defined. it use default value : {preview-size=, snapshot-size=, snapshot-support=true, hdr=true, effect=true, seamless-zoom-support=true, external-storage-support=true, value=false, hdr10=false, object-tracking=true, vdis=true}
10-07 01:15:13.826 16867 16867 D FeatureLoader: getCameraFeature [BACK_CAMCORDER_RESOLUTION_FEATURE_MAP_1440X1440] = {preview-size=1088x1088, snapshot-size=3024x3024, snapshot-support=true, hdr=true, effect=true, value=true, object-tracking=true, vdis=false}
10-07 01:15:13.826 16867 16867 D FeatureLoader: getCameraFeature, BACK_CAMCORDER_RESOLUTION_FEATURE_MAP_1072X1072 is not defined. it use default value : {preview-size=, snapshot-size=, snapshot-support=true, hdr=true, effect=true, seamless-zoom-support=true, external-storage-support=true, value=false, hdr10=false, object-tracking=true, vdis=true}
10-07 01:15:13.826 16867 16867 D FeatureLoader: getCameraFeature [BACK_CAMCORDER_RESOLUTION_FEATURE_MAP_1280X720] = {preview-size=1280x720, snapshot-size=4032x2268, snapshot-support=true, hdr=true, effect=true, value=true, object-tracking=true, vdis=true}
10-07 01:15:13.826 16867 16867 D FeatureLoader: getCameraFeature, BACK_CAMCORDER_RESOLUTION_FEATURE_MAP_720X480 is not defined. it use default value : {preview-size=, snapshot-size=, snapshot-support=true, hdr=true, effect=true, seamless-zoom-support=true, external-storage-support=true, value=false, hdr10=false, object-tracking=true, vdis=true}
10-07 01:15:13.826 16867 16867 D FeatureLoader: getCameraFeature [BACK_CAMCORDER_RESOLUTION_FEATURE_MAP_640X480] = {preview-size=1440x1080, snapshot-size=4032x3024, snapshot-support=true, hdr=true, effect=true, value=true, object-tracking=true, vdis=false}
10-07 01:15:13.826 16867 16867 D FeatureLoader: getCameraFeature, BACK_CAMCORDER_RESOLUTION_FEATURE_MAP_320X240 is not defined. it use default value : {preview-size=, snapshot-size=, snapshot-support=true, hdr=true, effect=true, seamless-zoom-support=true, external-storage-support=true, value=false, hdr10=false, object-tracking=true, vdis=true}
10-07 01:15:13.826 16867 16867 D FeatureLoader: getCameraFeature [BACK_CAMCORDER_RESOLUTION_FEATURE_MAP_176X144] = {value=true}
10-07 01:15:13.826 16867 16867 D FeatureLoader: getCameraFeature [FRONT_CAMERA_RECORDING_DEFAULT_RESOLUTION] = 1920x1080
10-07 01:15:13.826 16867 16867 D FeatureLoader: getCameraFeature [FRONT_CAMERA_RECORDING_MIN_RESOLUTION] = 640x480
10-07 01:15:13.826 16867 16867 D FeatureLoader: getCameraFeature, FRONT_CAMCORDER_RESOLUTION_FEATURE_MAP_3840X2160 is not defined. it use default value : {preview-size=, snapshot-size=, snapshot-support=true, hdr=true, effect=true, seamless-zoom-support=true, external-storage-support=true, value=false, hdr10=false, object-tracking=true, vdis=true}
10-07 01:15:13.826 16867 16867 D FeatureLoader: getCameraFeature [FRONT_CAMCORDER_RESOLUTION_FEATURE_MAP_2560X1440] = {preview-size=2560x1440, snapshot-size=3264x1836, snapshot-support=true, hdr=false, effect=false, value=true, object-tracking=false, vdis=false}
10-07 01:15:13.826 16867 16867 D FeatureLoader: getCameraFeature, FRONT_CAMCORDER_RESOLUTION_FEATURE_MAP_2336X1080 is not defined. it use default value : {preview-size=, snapshot-size=, snapshot-support=true, hdr=true, effect=true, seamless-zoom-support=true, external-storage-support=true, value=false, hdr10=false, object-tracking=true, vdis=true}
10-07 01:15:13.827 16867 16867 D FeatureLoader: getCameraFeature, FRONT_CAMCORDER_RESOLUTION_FEATURE_MAP_1728X1080 is not defined. it use default value : {preview-size=, snapshot-size=, snapshot-support=true, hdr=true, effect=true, seamless-zoom-support=true, external-storage-support=true, value=false, hdr10=false, object-tracking=true, vdis=true}
10-07 01:15:13.827 16867 16867 D FeatureLoader: getCameraFeature, FRONT_CAMCORDER_RESOLUTION_FEATURE_MAP_2288X1080 is not defined. it use default value : {preview-size=, snapshot-size=, snapshot-support=true, hdr=true, effect=true, seamless-zoom-support=true, external-storage-support=true, value=false, hdr10=false, object-tracking=true, vdis=true}
10-07 01:15:13.827 16867 16867 D FeatureLoader: getCameraFeature [FRONT_CAMCORDER_RESOLUTION_FEATURE_MAP_2224X1080] = {preview-size=2224x1080, snapshot-size=3264x1592, snapshot-support=true, hdr=true, effect=true, value=true, object-tracking=false, vdis=true}
10-07 01:15:13.827 16867 16867 D FeatureLoader: getCameraFeature [FRONT_CAMCORDER_RESOLUTION_FEATURE_MAP_1920X1080] = {preview-size=1920x1080, snapshot-size=3264x1836, snapshot-support=true, hdr=true, effect=true, value=true, object-tracking=false, vdis=true}
10-07 01:15:13.827 16867 16867 D FeatureLoader: getCameraFeature, FRONT_CAMCORDER_RESOLUTION_FEATURE_MAP_1920X936 is not defined. it use default value : {preview-size=, snapshot-size=, snapshot-support=true, hdr=true, effect=true, seamless-zoom-support=true, external-storage-support=true, value=false, hdr10=false, object-tracking=true, vdis=true}
10-07 01:15:13.827 16867 16867 D FeatureLoader: getCameraFeature, FRONT_CAMCORDER_RESOLUTION_FEATURE_MAP_1920X908 is not defined. it use default value : {preview-size=, snapshot-size=, snapshot-support=true, hdr=true, effect=true, seamless-zoom-support=true, external-storage-support=true, value=false, hdr10=false, object-tracking=true, vdis=true}
10-07 01:15:13.827 16867 16867 D FeatureLoader: getCameraFeature [FRONT_CAMCORDER_RESOLUTION_FEATURE_MAP_1440X1440] = {preview-size=1072x1072, snapshot-size=2448x2448, snapshot-support=true, hdr=true, effect=true, value=true, object-tracking=false, vdis=false}
10-07 01:15:13.827 16867 16867 D FeatureLoader: getCameraFeature, FRONT_CAMCORDER_RESOLUTION_FEATURE_MAP_1072X1072 is not defined. it use default value : {preview-size=, snapshot-size=, snapshot-support=true, hdr=true, effect=true, seamless-zoom-support=true, external-storage-support=true, value=false, hdr10=false, object-tracking=true, vdis=true}
10-07 01:15:13.827 16867 16867 D FeatureLoader: getCameraFeature [FRONT_CAMCORDER_RESOLUTION_FEATURE_MAP_1280X720] = {preview-size=1280x720, snapshot-size=3264x1836, snapshot-support=true, hdr=true, effect=true, value=true, object-tracking=false, vdis=true}
10-07 01:15:13.827 16867 16867 D FeatureLoader: getCameraFeature, FRONT_CAMCORDER_RESOLUTION_FEATURE_MAP_720X480 is not defined. it use default value : {preview-size=, snapshot-size=, snapshot-support=true, hdr=true, effect=true, seamless-zoom-support=true, external-storage-support=true, value=false, hdr10=false, object-tracking=true, vdis=true}
10-07 01:15:13.827 16867 16867 D FeatureLoader: getCameraFeature [FRONT_CAMCORDER_RESOLUTION_FEATURE_MAP_640X480] = {preview-size=1440x1080, snapshot-size=3264x2448, snapshot-support=true, hdr=true, effect=true, value=true, object-tracking=false, vdis=false}
10-07 01:15:13.827 16867 16867 D FeatureLoader: getCameraFeature, FRONT_CAMCORDER_RESOLUTION_FEATURE_MAP_320X240 is not defined. it use default value : {preview-size=, snapshot-size=, snapshot-support=true, hdr=true, effect=true, seamless-zoom-support=true, external-storage-support=true, value=false, hdr10=false, object-tracking=true, vdis=true}
10-07 01:15:13.827 16867 16867 D FeatureLoader: getCameraFeature [FRONT_CAMCORDER_RESOLUTION_FEATURE_MAP_176X144] = {value=true}
10-07 01:15:13.827 16867 16867 D FeatureLoader: getCameraFeature, REPRESENTATIVE_CAMCORDER_RESOLUTION_FOR_4_3_RATIO is not defined. it use default value : 1440x1080
10-07 01:15:13.827 16867 16867 D FeatureLoader: getCameraFeature, REPRESENTATIVE_CAMCORDER_VGA_RESOLUTION_FOR_4_3_RATIO is not defined. it use default value : 640x480
10-07 01:15:13.827 16867 16867 D FeatureLoader: getCameraFeature, REPRESENTATIVE_CAMCORDER_RESOLUTION_FOR_1_1_RATIO is not defined. it use default value : 1440x1440
10-07 01:15:13.827 16867 16867 D FeatureLoader: getCameraFeature, REPRESENTATIVE_CAMCORDER_RESOLUTION_FOR_16_9_RATIO is not defined. it use default value : 1920x1080
10-07 01:15:13.827 16867 16867 D FeatureLoader: getCameraFeature, REPRESENTATIVE_CAMCORDER_RESOLUTION_FOR_16_10_RATIO is not defined. it use default value : 1728x1080
10-07 01:15:13.827 16867 16867 D FeatureLoader: getCameraFeature, REPRESENTATIVE_CAMCORDER_RESOLUTION_FOR_18DOT5_9_RATIO is not defined. it use default value : 2224x1080
10-07 01:15:13.828 16867 16867 D FeatureLoader: getCameraFeature, REPRESENTATIVE_CAMCORDER_RESOLUTION_FOR_19DOT5_9_RATIO is not defined. it use default value : 2336x1080
10-07 01:15:13.828 16867 16867 D FeatureLoader: getCameraFeature, REPRESENTATIVE_CAMCORDER_RESOLUTION_FOR_19_9_RATIO is not defined. it use default value : 2288x1080
10-07 01:15:13.828 16867 16867 D FeatureLoader: getCameraFeature, FRONT_SUB_CAMERA_DEFAULT_RESOLUTION is not defined. it use default value : 
10-07 01:15:13.828 16867 16867 D FeatureLoader: getCameraFeature, FRONT_SUB_CAMERA_RESOLUTION_4BY3 is not defined. it use default value : 
10-07 01:15:13.828 16867 16867 D FeatureLoader: getCameraFeature, FRONT_SUB_CAMERA_RESOLUTION_16BY9 is not defined. it use default value : 
10-07 01:15:13.828 16867 16867 D FeatureLoader: getCameraFeature, FRONT_SUB_CAMERA_RESOLUTION_1BY1 is not defined. it use default value : 
10-07 01:15:13.828 16867 16867 D FeatureLoader: getCameraFeature, FRONT_SUB_CAMERA_RESOLUTION_18DOT5BY9 is not defined. it use default value : 
10-07 01:15:13.828 16867 16867 D FeatureLoader: getCameraFeature, BURST_PANORAMA_RESOLUTION is not defined. it use default value : 4032x2268
10-07 01:15:13.828 16867 16867 D FeatureLoader: getCameraFeature, BURST_RESOLUTION is not defined. it use default value : 4128x2322
10-07 01:15:13.828 16867 16867 D FeatureLoader: getCameraFeature, WIDE_SELFIE_RESOLUTION is not defined. it use default value : 1920x1440
10-07 01:15:13.828 16867 16867 D FeatureLoader: getCameraFeature, SLOW_MOTION_CAMCORDER_RESOLUTION is not defined. it use default value : 1280x720
10-07 01:15:13.828 16867 16867 D FeatureLoader: getCameraFeature, SUPER_SLOW_MOTION_CAMCORDER_RESOLUTION is not defined. it use default value : 1280x720
10-07 01:15:13.828 16867 16867 D FeatureLoader: getCameraFeature, REAL_PREVIEW_SIZE_19_9 is not defined. it use default value : 2280x1080
10-07 01:15:13.828 16867 16867 D FeatureLoader: getCameraFeature, REAL_PREVIEW_SIZE_18DOT5_9 is not defined. it use default value : 2224x1080
10-07 01:15:13.828 16867 16867 D FeatureLoader: getCameraFeature, REAL_PREVIEW_SIZE_19DOT5_9 is not defined. it use default value : 2336x1080
10-07 01:15:13.828 16867 16867 D FeatureLoader: getCameraFeature, REAL_PREVIEW_SIZE_16_9 is not defined. it use default value : 1920x1080
10-07 01:15:13.828 16867 16867 D FeatureLoader: getCameraFeature, REAL_PREVIEW_SIZE_16_10 is not defined. it use default value : 1728x1080
10-07 01:15:13.828 16867 16867 D FeatureLoader: getCameraFeature, REAL_PREVIEW_SIZE_4_3 is not defined. it use default value : 1440x1080
10-07 01:15:13.828 16867 16867 D FeatureLoader: getCameraFeature, REAL_PREVIEW_SIZE_1_1 is not defined. it use default value : 1088x1088
10-07 01:15:13.828 16867 16867 D FeatureLoader: getCameraFeature, REAL_PREVIEW_SIZE_1_1_FRONT is not defined. it use default value : 1072x1072
10-07 01:15:13.828 16867 16867 D FeatureLoader: getCameraFeature, BACK_CAMERA_SQUARE_PREVIEW_WIDTH_HEIGHT is not defined. it use default value : 1088
10-07 01:15:13.828 16867 16867 D FeatureLoader: getCameraFeature, FRONT_CAMERA_SQUARE_PREVIEW_WIDTH_HEIGHT is not defined. it use default value : 1072
10-07 01:15:13.829 16867 16867 D FeatureLoader: getCameraFeature, CAMERA_FULL_SCREEN_PREVIEW_WIDTH is not defined. it use default value : 2844
10-07 01:15:13.829 16867 16867 D FeatureLoader: getCameraFeature, CAMERA_FULL_SCREEN_PREVIEW_HEIGHT is not defined. it use default value : 1600
10-07 01:15:13.829 16867 16867 D FeatureLoader: getCameraFeature, BACK_CAMERA_SUPER_WIDE_PREVIEW_WIDTH is not defined. it use default value : 2224
10-07 01:15:13.829 16867 16867 D FeatureLoader: getCameraFeature, BACK_CAMERA_SUPER_WIDE_PREVIEW_HEIGHT is not defined. it use default value : 1080
10-07 01:15:13.829 16867 16867 D FeatureLoader: getCameraFeature, BACK_CAMERA_SUPERWIDE_THUMBNAIL_WIDTH is not defined. it use default value : 496
10-07 01:15:13.829 16867 16867 D FeatureLoader: getCameraFeature, BACK_CAMERA_SUPERWIDE_THUMBNAIL_HEIGHT is not defined. it use default value : 240
10-07 01:15:13.829 16867 16867 D FeatureLoader: getCameraFeature, SUPPORT_SEAMLESS_LENS_CHANGE_VI is not defined. it use default value : false
10-07 01:15:13.829 16867 16867 D FeatureLoader: getCameraFeature, TRANSITION_SCALE_FACTOR_WIDE_TO_NORMAL is not defined. it use default value : 1.9
10-07 01:15:13.829 16867 16867 D FeatureLoader: getCameraFeature, TRANSITION_SCALE_FACTOR_WIDE_TO_TELE is not defined. it use default value : 2.77
10-07 01:15:13.829 16867 16867 D FeatureLoader: getCameraFeature, TRANSITION_SCALE_PIVOTX_NORMAL_ASPECT_RATI is not defined. it use default value : 0.42
10-07 01:15:13.829 16867 16867 D FeatureLoader: getCameraFeature, TRANSITION_SCALE_PIVOTX_WIDE_ASPECT_RATIO is not defined. it use default value : 0.55
10-07 01:15:13.830 16867 16867 D FeatureLoader: getCameraFeature, TRANSITION_SCALE_PIVOTY is not defined. it use default value : 0.5
10-07 01:15:13.830 16867 16867 D FeatureLoader: getCameraFeature, TRANSITION_NORMAL_TO_WIDE_ANIMATION_DURATION is not defined. it use default value : 800
10-07 01:15:13.830 16867 16867 D FeatureLoader: getCameraFeature, TRANSITION_WIDE_TO_NORMAL_ANIMATION_DURATION is not defined. it use default value : 800
10-07 01:15:13.830 16867 16867 D FeatureLoader: getCameraFeature, TRANSITION_WIDE_TO_TELE_ANIMATION_DURATION is not defined. it use default value : 600
10-07 01:15:13.830 16867 16867 D FeatureLoader: getCameraFeature, SUPPORT_SMART_GLOW is not defined. it use default value : false
10-07 01:15:13.830 16867 16867 D FeatureLoader: getCameraFeature, SUPPORT_LIVE_BLUR is not defined. it use default value : false
10-07 01:15:13.830 16867 16867 D FeatureLoader: getCameraFeature, SUPPORT_DUAL_BOKEH_EFFECT is not defined. it use default value : false
10-07 01:15:13.830 16867 16867 D FeatureLoader: getCameraFeature, SUPPORT_SINGLE_BOKEH_EFFECT is not defined. it use default value : false
10-07 01:15:13.830 16867 16867 D FeatureLoader: getCameraFeature, SUPPORT_LIVE_FOCUS_HDR_CAPTURE is not defined. it use default value : false
10-07 01:15:13.830 16867 16867 D FeatureLoader: getCameraFeature, SUPPORT_SMART_BEAUTY is not defined. it use default value : false
10-07 01:15:13.830 16867 16867 D FeatureLoader: getCameraFeature, SUPPORT_SMARTBEAUTY_IN_ALL_COUNTRY is not defined. it use default value : false
10-07 01:15:13.830 16867 16867 D FeatureLoader: getCameraFeature [SUPPORT_WATERMARK] = true
10-07 01:15:13.830 16867 16867 D FeatureLoader: getCameraFeature, SUPPORT_AUTO_WATERMARK is not defined. it use default value : false
10-07 01:15:13.830 16867 16867 D FeatureLoader: getCameraFeature, CAMERA_AUTO_WATERMARK_NUMBER_OF_CAMERAS is not defined. it use default value : 0
10-07 01:15:13.830 16867 16867 D FeatureLoader: getCameraFeature, SUPPORT_SIGNATURE_STAMP is not defined. it use default value : true
10-07 01:15:13.849 16867 16867 I VerificationLog: onCreate
10-07 01:15:13.850 16867 16867 I CameraPerformance: Launch - onCreate : Start[1665119713850]
10-07 01:15:13.869 16867 17091 D Camera9 : supportedCPUFreqTable is : 2361600
10-07 01:15:13.871 16867 17091 D Camera9 : supportedCPUCoreTable is : 4
10-07 01:15:13.878 16867 17091 V Camera9 : DVFS acquire : 2000, max : true
10-07 01:15:13.884 16867 16867 V NormalCameraSettings: NormalCameraSettings created
10-07 01:15:13.885 16867 16867 V CameraSettings: CameraSettings[Parcel] updated com.sec.android.app.camera.setting.CameraSettingsImpl@6a46e0f
10-07 01:15:13.896 16867 17099 V CameraSettings: initialization for setting key - START
10-07 01:15:13.897 16867 16867 I DecorView: createDecorCaptionView >> DecorView@76bfc7a[], isFloating: false, isApplication: true, hasWindowDecorCaption: false, hasWindowControllerCallback: true
10-07 01:15:13.898 16867 17099 I CameraPerformance: Launch - ValidatePreferences : Start[1665119713898]
10-07 01:15:13.898 16867 17099 D SharedPreferencesHelper: validatePreferences: Boolean
10-07 01:15:13.898 16867 17099 I CameraPerformance: Launch - ValidatePreferences : End[1665119713898][0]
10-07 01:15:13.906 16867 16867 D OpenGLRenderer: Skia GL Pipeline
10-07 01:15:13.909 16867 17099 V AbstractCameraSettings: getDefaultStorage: 0
10-07 01:15:13.915 16867 16867 E BokehEffectController: makeBokehEffectKeyTable
10-07 01:15:13.916   705   705 I SurfaceFlinger:      Device | 0x723f3d5780 | 0002 | RGBA_8888 |   0.0    1.0 1080.0 2219.0 |   89  184  991 2036 | Splash Screen com.sec.android.app.camera[16867]#0
10-07 01:15:13.916 16867 17099 V AbstractCameraSettings: getDefaultBackFlashMode: 0
10-07 01:15:13.921 16867 16867 E SemCamera-JNI-Cpp: JNI_OnLoad
10-07 01:15:13.925 16867 16867 V AbstractCameraSettings: setMultiWindowMode : ignore this case
10-07 01:15:13.927 16867 17099 V DimController: setDim : BACK_HDR10_RECORDING - savedValue=0, overrideValue=0
10-07 01:15:13.927 16867 17099 V DimController: setDim : FRONT_HDR10_RECORDING - savedValue=0, overrideValue=0
10-07 01:15:13.928 16867 17099 V AbstractCameraSettings: getDefaultStorage: 0
10-07 01:15:13.928 16867 16867 D Camera9 : isSecureQuickLaunch=false, isSecureCapture=false, isSecureStillCapture=false, isSecureKeyguardLocked=false
10-07 01:15:13.929 16867 16867 D Camera9 : isQuickLaunch : false, keyCode : 0
10-07 01:15:13.929 16867 16867 V Camera9 : initializeCameraMode : QuickLaunch - false, Secure - false, Knox - false, MultiWindow mode - 0
10-07 01:15:13.932 16867 16867 I GLContext: updateScreenSize : w=1080, h=2220, navi h=144
10-07 01:15:13.936 16867 17099 V CameraSettings: initialization for setting key - END
10-07 01:15:13.937 16867 16867 I GLContext: using SemContextListener
10-07 01:15:13.942 16867 16867 I CameraPerformance: Surface - CreateGLSurfaceView : Start[1665119713942]
10-07 01:15:13.942 16867 16867 V Camera9 : getInitialShootingMode : shootingModeActivityName = com.sec.android.app.camera.shootingmode.photo, CameraFacingName = back
10-07 01:15:13.944 16867 16867 I Camera9 : setShootingMode : 0
10-07 01:15:13.945 16867 16867 D ShootingModeProvider: setShootingMode : 0
10-07 01:15:13.945 16867 16867 V SMFeatureProvider: setShootingMode : 0
10-07 01:15:13.945 16867 16867 V DimController: onShootingModeChanged : value=0,facing=1,isFacingSwitch=false- START
10-07 01:15:13.946 16867 16867 V DimController: restoreDim : front_hdr10_recording, dimCount=1 - savedValue=0
10-07 01:15:13.946 16867 16867 V DimController: setDim : FRONT_HDR10_RECORDING - savedValue=0, overrideValue=0
10-07 01:15:13.946 16867 16867 V DimController: setDim : BACK_TORCH - savedValue=0, overrideValue=0
10-07 01:15:13.946 16867 16867 V DimController: setDim : FRONT_SUB_PICTURE - savedValue=0, overrideValue=0
10-07 01:15:13.946 16867 16867 V DimController: setDim : MODE_CUSTOM_SETTING - savedValue=-1, overrideValue=0
10-07 01:15:13.950 16867 16867 V DimController: restoreDim : back_hdr10_recording, dimCount=1 - savedValue=0
10-07 01:15:13.950 16867 16867 V DimController: setDim : BACK_HDR10_RECORDING - savedValue=0, overrideValue=0
10-07 01:15:13.950   705   705 I SurfaceFlinger:      Device | 0x723f3d5780 | 0002 | RGBA_8888 |   0.0    0.0 1080.0 2220.0 |   50  103 1030 2117 | Splash Screen com.sec.android.app.camera[16867]#0
10-07 01:15:13.950 16867 16867 V DimController: onShootingModeChanged : value=0,facing=1- END
10-07 01:15:13.950 16867 16867 W Camera9 : Menu manager, base menu is not ready to set ShootingMode.
10-07 01:15:13.958 16867 16867 D PermissionUtils: checkRuntimePermission
10-07 01:15:13.969 16867 16867 V CallState: isVTCallOngoing = false
10-07 01:15:13.970 16867 16867 V CommonEngine: startEngine
10-07 01:15:13.970 16867 16867 D CameraHolder: startCallbackHandler
10-07 01:15:13.971 16867 16867 I CameraPerformance: Surface - CreateSurface : Start[1665119713971]
10-07 01:15:13.971 16867 16867 D PreviewFrameLayout: setVisibility 0
10-07 01:15:13.972 16867 16867 D RequestQueue: addRequest : OPEN_CAMERA, 0
10-07 01:15:13.972 16867 16867 V CommonEngine: setCameraEntrance : true
10-07 01:15:13.972 16867 16867 D RequestQueue: addRequest : SET_PARAMETERS, com.sec.android.app.camera.engine.CommonEngine$$Lambda$4@29d75d8
10-07 01:15:13.972 16867 16867 V AbstractCameraSettings: getDefaultBackFlashMode: 0
10-07 01:15:13.972 16867 16867 V BokehEffectController: registerCameraSettingChangedListener()
10-07 01:15:13.973 16867 16867 D WatermarkController: WatermarkController start
10-07 01:15:13.974 16867 16867 I CameraOrientationEvtMgr: using SemContextListener
10-07 01:15:13.974 16867 16867 D CameraOrientationEvtMgr: setSemContextListener
10-07 01:15:13.974 16867 16867 D CommonEngine: onCameraOrientationChanged : newOrientation=0
10-07 01:15:13.975 16867 16867 D CommonEngine: changeShootingMode : shootingModeId=0 isFacingSwitch=false
10-07 01:15:13.975 16867 16867 V CommonEngine: getNextCameraId nextId : 0
10-07 01:15:13.975 16867 16867 D RequestQueue: addRequest : STOP_PREVIEW
10-07 01:15:13.975 16867 16867 D RequestQueue: addRequest : SET_SHOOTING_MODE, 0
10-07 01:15:13.975 16867 16867 D RequestQueue: addRequest : WAIT_PREVIEW_SURFACE
10-07 01:15:13.975 16867 16867 D RequestQueue: addRequest : WAIT_PREVIEW_SURFACE
10-07 01:15:13.975 16867 16867 D RequestQueue: addRequest : CHANGE_PREVIEW_SURFACE_SIZE, 64
10-07 01:15:13.975 16867 16867 D RequestQueue: addRequest : PREPARE_START_PREVIEW
10-07 01:15:13.975 16867 16867 D RequestQueue: addRequest : START_PREVIEW
10-07 01:15:13.975 16867 16867 D RequestQueue: addRequest : NOTIFY_CHANGE_SHOOTING_MODE_COMPLETED, false
10-07 01:15:13.976 16867 17104 V RequestQueue: beforeExecute : OPEN_CAMERA(100)
10-07 01:15:13.977 16867 17104 D CommonEngine: changeState : IDLE -> OPENING
10-07 01:15:13.977 16867 17104 D Request : OpenCameraRequest - Start
10-07 01:15:13.977 16867 17104 I CameraPerformance: Device - OpenCameraRequest(ID:0) : Start[1665119713977]
10-07 01:15:13.977 16867 17104 V CameraHolder: openCamera : cameraId = 0
10-07 01:15:13.977 16867 17104 V CameraHolder: openCamera - Capability List lock acquired
10-07 01:15:13.977 16867 17104 E SemCamera-JNI-Java: SemCamera.open()
10-07 01:15:13.979 16867 16867 D ScoverManager: serviceVersion : 17498112
10-07 01:15:13.980 16867 16867 V CoverManager: CoverManager init - mCoverType 2 mIsCoverAttached false
10-07 01:15:13.980 16867 16867 D ScoverManager: registerListener
10-07 01:15:13.983 16867 16867 V CameraBroadcastReceiver: registerEntireLifetimeReceiver
10-07 01:15:13.985 16867 16867 V CameraBroadcastReceiver: registerShutdownReceiver
10-07 01:15:13.986   993 31297 I CameraService: CameraService::validateClientPermissionsLocked is ok : calling pid 16867, calling uid 10068, cameraservice pid=993, device user 0, currently allowed device users: 0, 150
10-07 01:15:13.987   993 31297 I CameraService: wouldEvictLocked: owner=16867, priority-score=0, highestPriorityOwner=16867, highestPriority-score=0
10-07 01:15:13.994   993 31297 D SecCameraCoreManager: callingPid=16867, callingUid=10068
10-07 01:15:14.000 16867 16867 I CameraPerformance: Launch - onCreate : End[1665119714000] [150]
10-07 01:15:14.001 16867 17091 D VolumeInfo: VolumeInfo from Parcel: id private ,type 1 ,disk null
10-07 01:15:14.001 16867 17091 D VolumeInfo: VolumeInfo from Parcel: id emulated ,type 2 ,disk null
10-07 01:15:14.002 16867 17091 D StorageUtils: setExternalSDStorageVolume : Done
10-07 01:15:14.005 16867 16867 D SamsungAnalytics111040: user do not agree
10-07 01:15:14.005 16867 16867 V Camera9 : onStart
10-07 01:15:14.008 16867 16867 V Camera9 : onPostCreate
10-07 01:15:14.008 16867 16867 I VerificationLog: onResume
10-07 01:15:14.008 16867 16867 I CameraPerformance: Launch - onResume : Start[1665119714008]
10-07 01:15:14.009 16867 16867 V Camera9 : hidePausingView
10-07 01:15:14.011 16867 16867 D Camera9 : calculatePreviewLayoutRect(normal) : w=1080, h=1440 , window w=1080, h=2220, windowRatio=2.0555555555555554, aspectRatio=1.3333333333333333, getDisplayRotation=0
10-07 01:15:14.012 16867 16867 D Camera9 : calculatePreviewLayoutRect(normal) : x=0, y=262 w=1080, h=1440
10-07 01:15:14.012 16867 16867 V CommonEngine: calculatePreviewSurfaceSize
10-07 01:15:14.012 16867 16867 D PreviewFrameLayout: setPreviewLayout : Rect(0, 262 - 1080, 1702)
10-07 01:15:14.012 16867 16867 V Camera9 : resizePreviewSurfaceSize : fixed preview size - 1440x1080
10-07 01:15:14.014 16867 16867 D SurfaceView: setPackageUsesOwnResolution() (Java SurfaceView) for unknown app: 1440x1080 (true)
10-07 01:15:14.014 16867 16867 V CameraSettings: CameraSettings[Parcel] updated com.sec.android.app.camera.setting.CameraSettingsImpl@6a46e0f
10-07 01:15:14.014 16867 16867 V AbstractCameraSettings: setQrScannerMode 1
10-07 01:15:14.020 16867 16867 W StorageUtils: isExternalSdStorageMounted : mSdStorageVolumeInternalPath is null
10-07 01:15:14.020 16867 16867 V Camera9 : checkExternalSdStorage : false
10-07 01:15:14.021 16867 16867 V AbstractCameraSettings: getDefaultStorage: 0
10-07 01:15:14.021 16867 16867 V AbstractCameraSettings: getDefaultStorage: 0
10-07 01:15:14.021 16867 17091 D CameraLocationManager: setLocationRequest
10-07 01:15:14.022 16867 16867 V Camera9 : updateRemainStorageIndicator(3056)
10-07 01:15:14.022 16867 16867 V AbstractCameraSettings: getDefaultStorage: 0
10-07 01:15:14.022 16867 16867 V AbstractCameraSettings: getDefaultStorage: 0
10-07 01:15:14.028  1448  2070 D SLocation: sendStartToNSFLP 21 Bundle[{cbtype=2, provider=slocation, pid=16867, uid=10068, interval=1, listenerid=fd3063, packageName=com.sec.android.app.camera}]
10-07 01:15:14.032 16867 16867 V CallState: isVoIPCallOngoing = false
10-07 01:15:14.033 16867 16867 V CallState: isVTCallOngoing = false
10-07 01:15:14.033 16867 16867 V CameraBroadcastReceiver: registerForegroundLifetimeReceiver
10-07 01:15:14.038 16867 16867 D CameraBroadcastReceiver: registerReceivers done
10-07 01:15:14.042 16867 16867 I GLContext: updateScreenSize : w=1080, h=2220, navi h=144
10-07 01:15:14.045 16867 16867 D GLContext: enableOrientationListener
10-07 01:15:14.048 16867 16867 D SemContextManager:   .registerListener : listener = com.samsung.android.glview.GLContext@8927f0, service=Auto Rotation
10-07 01:15:14.055 16867 16867 V GLContext: Cursor color changed
10-07 01:15:14.058 16867 16867 D Camera9 : enableAutoBrightnessLimit : SCREEN_BRIGHTNESS_MODE - 1, lower limit changed - true
10-07 01:15:14.061 16867 16867 V Camera9 : stopInactivityTimer
10-07 01:15:14.061 16867 16867 V Camera9 : startInactivityTimer
10-07 01:15:14.061 16867 16867 I CameraPerformance: Launch - onResume : End[1665119714061] [53]
10-07 01:15:14.069 16867 16867 D EmergencyMode: [EmergencyManager] android createPackageContext successful
10-07 01:15:14.069 16867 17118 D SoundManager: checkForcedShutterSound : ForcedShutterSound = false
10-07 01:15:14.083   705   705 I SurfaceFlinger:      Device | 0x723f3d5780 | 0002 | RGBA_8888 |   0.0    0.0 1080.0 2220.0 |    0    0 1080 2220 | Splash Screen com.sec.android.app.camera[16867]#0
10-07 01:15:14.117 16867 16867 D InputTransport: Input channel constructed: fd=74
10-07 01:15:14.117 16867 16867 D ViewRootImpl@65984fa[Camera]: setView = DecorView@76bfc7a[Camera] TM=true MM=false
10-07 01:15:14.138 16867 16867 V CameraBroadcastReceiver: onReceive [android.intent.action.BATTERY_CHANGED]
10-07 01:15:14.138 16867 16867 V Camera9 : handleBatteryChanged : Level = 19/100, Status = 3, battPlugged = 0, battTemp = 353, mBatteryLevel = 19, mIsCharging = false
10-07 01:15:14.138 16867 16867 V CameraLocalBCManager: sendLocalBroadcast : android.intent.action.BATTERY_CHANGED
10-07 01:15:14.138 16867 16867 V CameraBroadcastReceiver: onReceive [android.intent.action.HDMI_PLUGGED]
10-07 01:15:14.138 16867 16867 D SemContextManager: onSemContextChanged() : event = Auto Rotation Angle : -1
10-07 01:15:14.138 16867 16867 D SemContextManager: AutoRotationEvent : Angle = -1
10-07 01:15:14.138 16867 16867 D GLContext: onSemContextChanged - angle : -1
10-07 01:15:14.138 16867 16867 D GLContext: handleOrientationChanged - ORIENTATION_UNKNOWN
10-07 01:15:14.138 16867 16867 V CameraTemperatureMgr: onReceive [android.intent.action.BATTERY_CHANGED]
10-07 01:15:14.138 16867 16867 V CameraTemperatureMgr: onReceive [com.samsung.intent.action.SIOP_LEVEL_CHANGED]
10-07 01:15:14.138 16867 16867 V CameraTemperatureMgr: handleSIOPLevelChanged : camera_start_disable=false,flash_led_disable=false,camera_recording_disable=false, camera_uhd60fps_preview_low_fps_enable = false limitFlashByOTG false
10-07 01:15:14.138 16867 16867 V Camera9 : onEnterAnimationComplete
10-07 01:15:14.148 16867 16867 D SurfaceView: onWindowVisibilityChanged(0) true com.sec.android.app.camera.PreviewFrameLayout{3601784 V.E...... ......I. 0,0-0,0 #7f1200ae app:id/camera_preview} of ViewRootImpl@65984fa[Camera]
10-07 01:15:14.148 16867 16867 D SurfaceView: onWindowVisibilityChanged(0) true android.opengl.GLSurfaceView{dfdfaab V.E...... ......I. 0,0-0,0} of ViewRootImpl@65984fa[Camera]
10-07 01:15:14.148 16867 16867 D ViewRootImpl@65984fa[Camera]: dispatchAttachedToWindow
10-07 01:15:14.156   705   705 I SurfaceFlinger: id=8568 createSurf (1080x2220),1 flag=4, com.sec.android.app.camera/com.sec.android.app.camera.Camera[16867]#0
10-07 01:15:14.159  1448  4196 D InputDispatcher: Focus entered window (16867): 796b662 0
10-07 01:15:14.160 16867 16867 D ViewRootImpl@65984fa[Camera]: Relayout returned: old=[0,0][1080,2220] new=[0,0][1080,2220] result=0x7 surface={valid=true 491552600064} changed=true
10-07 01:15:14.160 16867 17133 I Adreno  : QUALCOMM build                   : 417d66a, I9f2c4682a2
10-07 01:15:14.160 16867 17133 I Adreno  : Build Date                       : 12/09/19
10-07 01:15:14.160 16867 17133 I Adreno  : OpenGL ES Shader Compiler Version: EV031.25.03.01
10-07 01:15:14.160 16867 17133 I Adreno  : Local Branch                     : 
10-07 01:15:14.160 16867 17133 I Adreno  : Remote Branch                    : refs/tags/AU_LINUX_ANDROID_LA.UM.7.4.R1.09.00.00.453.036
10-07 01:15:14.160 16867 17133 I Adreno  : Remote Branch                    : NONE
10-07 01:15:14.160 16867 17133 I Adreno  : Reconstruct Branch               : NOTHING
10-07 01:15:14.160 16867 17133 I Adreno  : Build Config                     : S L 6.0.7 AArch64
10-07 01:15:14.161 16867 17133 D vndksupport: Loading /vendor/lib64/hw/gralloc.msm8998.so from current namespace instead of sphal namespace.
10-07 01:15:14.164 16867 17133 I Adreno  : PFP: 0x005ff112, ME: 0x005ff066
10-07 01:15:14.168 16867 17133 I ConfigStore: android::hardware::configstore::V1_0::ISurfaceFlingerConfigs::hasWideColorDisplay retrieved: 0
10-07 01:15:14.168 16867 17133 I ConfigStore: android::hardware::configstore::V1_0::ISurfaceFlingerConfigs::hasHDRDisplay retrieved: 0
10-07 01:15:14.169   705   705 I SurfaceFlinger: id=8569 createSurf (1440x1080),4 flag=404, SurfaceView - com.sec.android.app.camera/com.sec.android.app.camera.Camera@3601784@0[16867]#0
10-07 01:15:14.169 16867 17133 I OpenGLRenderer: Initialized EGL, version 1.4
10-07 01:15:14.169 16867 17133 D OpenGLRenderer: Swap behavior 2
10-07 01:15:14.169   705   705 I SurfaceFlinger: id=8570 createSurf (1440x1080),1024 flag=20404, Background for -SurfaceView - com.sec.android.app.camera/com.sec.android.app.camera.Camera@3601784@0[16867]#0
10-07 01:15:14.170 16867 16867 D SurfaceView: show() Surface(name=SurfaceView - com.sec.android.app.camera/com.sec.android.app.camera.Camera@3601784@0[16867])/@0x2c60508 com.sec.android.app.camera.PreviewFrameLayout{3601784 V.E...... ......ID 0,262-1080,1702 #7f1200ae app:id/camera_preview}
10-07 01:15:14.176 16867 17133 D OpenGLRenderer: eglCreateWindowSurface = 0x7254629400, 0x7272d17010
10-07 01:15:14.178 16867 16867 D SurfaceView: surfaceCreated 1 #8 com.sec.android.app.camera.PreviewFrameLayout{3601784 V.E...... ......ID 0,262-1080,1702 #7f1200ae app:id/camera_preview}
10-07 01:15:14.179 16867 16867 D CommonEngine: surfaceCreated
10-07 01:15:14.179 16867 16867 D RequestQueue: notifyRequest : WAIT_PREVIEW_SURFACE
10-07 01:15:14.179 16867 16867 D SurfaceView: surfaceChanged (1440,1080) 1 #8 com.sec.android.app.camera.PreviewFrameLayout{3601784 V.E...... ......ID 0,262-1080,1702 #7f1200ae app:id/camera_preview}
10-07 01:15:14.179 16867 16867 D CommonEngine: surfaceChanged : width=1440 height=1080
10-07 01:15:14.179 16867 16867 D PreviewFrameLayout: setVisibility 0
10-07 01:15:14.179 16867 16867 D CommonEngine: surfaceRedrawNeededAsync
10-07 01:15:14.183   705   705 I SurfaceFlinger: id=8571 createSurf (1080x2220),1 flag=4, SurfaceView - com.sec.android.app.camera/com.sec.android.app.camera.Camera@dfdfaab@0[16867]#0
10-07 01:15:14.185   705   705 I SurfaceFlinger: id=8572 createSurf (1080x2220),1024 flag=20004, Background for -SurfaceView - com.sec.android.app.camera/com.sec.android.app.camera.Camera@dfdfaab@0[16867]#0
10-07 01:15:14.186 16867 16867 D SurfaceView: hide() Surface(name=SurfaceView - com.sec.android.app.camera/com.sec.android.app.camera.Camera@dfdfaab@0[16867])/@0x52af6c6 false true android.opengl.GLSurfaceView{dfdfaab V.E...... ......ID 0,0-1080,2220}
10-07 01:15:14.196 16867 16867 D SurfaceView: surfaceCreated 1 #8 android.opengl.GLSurfaceView{dfdfaab V.E...... ......ID 0,0-1080,2220}
10-07 01:15:14.196 16867 16867 D SurfaceView: surfaceChanged (1080,2220) 1 #8 android.opengl.GLSurfaceView{dfdfaab V.E...... ......ID 0,0-1080,2220}
10-07 01:15:14.204 16867 17101 V GLContext: onSurfaceCreated
10-07 01:15:14.217   993 31297 I CameraService: wouldEvictLocked: owner=16867, priority-score=0, highestPriorityOwner=16867, highestPriority-score=0
10-07 01:15:14.217   993 31297 I CameraService: addAndEvict: push the client(owner 16867, priorityScore 0, state 2) to mClients
10-07 01:15:14.220 16867 16867 D ViewRootImpl@65984fa[Camera]: Relayout returned: old=[0,0][1080,2220] new=[0,0][1080,2220] result=0x3 surface={valid=true 491552600064} changed=false
10-07 01:15:14.222 16867 17101 V GLContext: onSurfaceChanged width=1080 height=2220
10-07 01:15:14.222 16867 17101 I GLContext: updateScreenSize : w=1080, h=2220, navi h=144
10-07 01:15:14.223 16867 17101 I CameraPerformance: Surface - CreateGLSurfaceView : End[1665119714223]
10-07 01:15:14.223 16867 17101 D Camera9 : onGLInitialized : GL initialized false
10-07 01:15:14.225 16867 17101 V CallState: isVTCallOngoing = false
10-07 01:15:14.225 16867 17133 D vndksupport: Loading /vendor/lib64/hw/android.hardware.graphics.mapper@2.0-impl.so from current namespace instead of sphal namespace.
10-07 01:15:14.226 16867 17133 D vndksupport: Loading /vendor/lib64/hw/gralloc.msm8998.so from current namespace instead of sphal namespace.
10-07 01:15:14.231 16867 17155 I CameraPerformance: Launch - BaseMenuLoading : Start[1665119714231]
10-07 01:15:14.231 16867 17155 V MenuManager: createMenu start: BASE
10-07 01:15:14.231 16867 17101 E GLContext: Start drawing frame #1
10-07 01:15:14.231 16867 17101 E GLContext: End drawing frame #1 Elapsed time: 0ms
10-07 01:15:14.233 16867 17104 I CameraPerformance: Device - OpenCameraRequest(ID:0) : End[1665119714233]
10-07 01:15:14.233 16867 17104 D Request : OpenCameraRequest - End
10-07 01:15:14.233 16867 17104 D CommonEngine: changeState : OPENING -> OPENED
10-07 01:15:14.233 16867 17104 V RequestQueue: afterExecute : OPEN_CAMERA(100)
10-07 01:15:14.236 16867 17104 V RequestQueue: beforeExecute : SET_PARAMETERS(561)
10-07 01:15:14.236 16867 17104 D Request : SetParametersRequest - Start
10-07 01:15:14.238 16867 16867 D ViewRootImpl@65984fa[Camera]: MSG_RESIZED: frame=Rect(0, 0 - 1080, 2220) ci=Rect(0, 0 - 0, 144) vi=Rect(0, 72 - 0, 144) or=1
10-07 01:15:14.238 16867 16867 D ViewRootImpl@65984fa[Camera]: MSG_WINDOW_FOCUS_CHANGED 1 1
10-07 01:15:14.238 16867 16867 D InputMethodManager: prepareNavigationBarInfo() DecorView@76bfc7a[Camera]
10-07 01:15:14.239 16867 16867 D InputMethodManager: getNavigationBarColor() -16777216
10-07 01:15:14.239 16867 16867 V Camera9 : onWindowFocusChanged : true
10-07 01:15:14.240 16867 16867 D InputMethodManager: prepareNavigationBarInfo() DecorView@76bfc7a[Camera]
10-07 01:15:14.240 16867 16867 D InputMethodManager: getNavigationBarColor() -16777216
10-07 01:15:14.240 16867 16867 V InputMethodManager: Starting input: tba=com.sec.android.app.camera ic=null mNaviBarColor -16777216 mIsGetNaviBarColorSuccess true , NavVisible : true , NavTrans : false
10-07 01:15:14.240 16867 16867 D InputMethodManager: startInputInner - Id : 0
10-07 01:15:14.240 16867 16867 I InputMethodManager: startInputInner - mService.startInputOrWindowGainedFocus
10-07 01:15:14.244 16867 17101 E GLContext: Start drawing frame #2
10-07 01:15:14.244 16867 17101 E GLContext: End drawing frame #2 Elapsed time: 0ms
10-07 01:15:14.245  1448  4139 V InputMethodManagerService: Creating new session for client ClientState{a0ab8e5 uid 10068 pid 16867}
10-07 01:15:14.247 16867 17104 D Request : SetParametersRequest - End
10-07 01:15:14.247 16867 17104 V RequestQueue: afterExecute : SET_PARAMETERS(561)
10-07 01:15:14.247 16867 17104 V RequestQueue: beforeExecute : STOP_PREVIEW(500)
10-07 01:15:14.247 16867 17104 W RequestQueue: Invalid request for current state(OPENED)
10-07 01:15:14.247 16867 17104 V RequestQueue: afterExecute : STOP_PREVIEW(500)
10-07 01:15:14.247 16867 17104 V RequestQueue: beforeExecute : SET_SHOOTING_MODE(210)
10-07 01:15:14.247 16867 17104 D Request : SetShootingModeRequest - Start
10-07 01:15:14.248 16867 17104 V CommonEngine: onSetShootingModeApplied
10-07 01:15:14.248 16867 17104 V CallbackManager: enableDefaultCallbacks
10-07 01:15:14.254 16867 17104 D RequestQueue: addRequest : SET_PRIVATE_SETTING, ENABLE_BRIGHTNESS_VALUE_CALLBACK : true, 0
10-07 01:15:14.255 16867 16889 D InputTransport: Input channel constructed: fd=86
10-07 01:15:14.255 16867 17155 V GuideLineView: setGuideLineSize mWidth 1080 mHeight 1440 guideline 0
10-07 01:15:14.256 16867 17101 E GLContext: Start drawing frame #3
10-07 01:15:14.256 16867 17101 E GLContext: End drawing frame #3 Elapsed time: 0ms
10-07 01:15:14.257 16867 17104 I SemCamera-JNI-Java: mHardwareFaceDetectionListener : com.sec.android.app.camera.engine.CallbackManagerImpl$FaceDetectionCallbackManager@a71cd2d
10-07 01:15:14.258 16867 17104 D RequestQueue: addRequest : SET_PRIVATE_SETTING, ENABLE_LIGHT_CONDITION : true, 0
10-07 01:15:14.258 16867 17104 D RequestQueue: addRequest : SET_PRIVATE_SETTING, ENABLE_FLASH_AUTO_CALLBACK : true, 0
10-07 01:15:14.258 16867 17104 V CameraHolder: getCapability - Capability List lock acquired
10-07 01:15:14.258 16867 17104 D RequestQueue: addRequest : SET_PRIVATE_SETTING, ENABLE_HDR_CALLBACK : true, 0
10-07 01:15:14.259 16867 17104 D CallbackManager: enablePreviewCallback : true
10-07 01:15:14.259 16867 17104 D CallbackManager: Preview callback enabled
10-07 01:15:14.260  5009  5009 I SKBD    : SamsungKeypad [IMI] onStartInput - caller pid : 16867, caller uid : 10068
10-07 01:15:14.261 16867 17155 V ShootingModeHelpText: onShootingModeChanged : 0, 1, false
10-07 01:15:14.261 16867 17155 D GLStringTexture: mWidth : 0, mHeight : 0
10-07 01:15:14.263 16867 17155 V QrRectView: makeQrRectView
10-07 01:15:14.264 16867 17104 V CallbackManager: resetFlags
10-07 01:15:14.264 16867 17104 D Request : SetShootingModeRequest - End
10-07 01:15:14.264 16867 17104 V RequestQueue: afterExecute : SET_SHOOTING_MODE(210)
10-07 01:15:14.264 16867 17155 V OverlayLayout: onPreviewLayoutChanged
10-07 01:15:14.264 16867 17104 V RequestQueue: beforeExecute : WAIT_PREVIEW_SURFACE(220)
10-07 01:15:14.264 16867 17104 D Request : WaitPreviewSurfaceRequest - Start
10-07 01:15:14.264 16867 16867 D InputMethodManager: prepareNavigationBarInfo() DecorView@76bfc7a[Camera]
10-07 01:15:14.264 16867 16867 D InputMethodManager: getNavigationBarColor() -16777216
10-07 01:15:14.264 16867 16867 V InputMethodManager: Starting input: tba=com.sec.android.app.camera ic=null mNaviBarColor -16777216 mIsGetNaviBarColorSuccess true , NavVisible : true , NavTrans : false
10-07 01:15:14.264 16867 17104 V Request : WaitPreviewSurfaceRequest : mIsSurfaceCreated = true, mIsPreviewImagePreparing = false
10-07 01:15:14.264 16867 16867 D InputMethodManager: startInputInner - Id : 0
10-07 01:15:14.264 16867 17104 D Request : WaitPreviewSurfaceRequest - End
10-07 01:15:14.264 16867 17104 V RequestQueue: afterExecute : WAIT_PREVIEW_SURFACE(220)
10-07 01:15:14.264 16867 17104 V RequestQueue: beforeExecute : WAIT_PREVIEW_SURFACE(220)
10-07 01:15:14.264 16867 17104 D Request : WaitPreviewSurfaceRequest - Start
10-07 01:15:14.264 16867 17104 V Request : WaitPreviewSurfaceRequest : mIsSurfaceCreated = true, mIsPreviewImagePreparing = false
10-07 01:15:14.264 16867 17104 D Request : WaitPreviewSurfaceRequest - End
10-07 01:15:14.264 16867 17104 V RequestQueue: afterExecute : WAIT_PREVIEW_SURFACE(220)
10-07 01:15:14.264 16867 17104 V RequestQueue: beforeExecute : CHANGE_PREVIEW_SURFACE_SIZE(221)
10-07 01:15:14.264 16867 17104 D Request : ChangePreviewSurfaceSizeRequest - Start
10-07 01:15:14.264 16867 17104 I CameraPerformance: Surface - ChangePreviewSurfaceSize : Start[1665119714264]
10-07 01:15:14.265 16867 17155 V CameraHolder: getCapability - Capability List lock acquired
10-07 01:15:14.265 16867 17101 E GLContext: Start drawing frame #4
10-07 01:15:14.265 16867 17101 E GLContext: End drawing frame #4 Elapsed time: 0ms
10-07 01:15:14.266 16867 17104 D Camera9 : calculatePreviewLayoutRect(normal) : w=1080, h=1440 , window w=1080, h=2220, windowRatio=2.0555555555555554, aspectRatio=1.3333333333333333, getDisplayRotation=0
10-07 01:15:14.266 16867 17104 D Camera9 : calculatePreviewLayoutRect(normal) : x=0, y=262 w=1080, h=1440
10-07 01:15:14.266 16867 17104 V CameraHolder: getCapability - Capability List lock acquired
10-07 01:15:14.267 16867 17104 W Camera9 : isChangePreviewSurfaceSizeRequired = false
10-07 01:15:14.267 16867 17104 V Request : Changing surface size is not required. Return.
10-07 01:15:14.267 16867 17104 I CameraPerformance: Surface - ChangePreviewSurfaceSize : End[1665119714267]
10-07 01:15:14.267 16867 17104 D Request : ChangePreviewSurfaceSizeRequest - End
10-07 01:15:14.267 16867 17104 V RequestQueue: afterExecute : CHANGE_PREVIEW_SURFACE_SIZE(221)
10-07 01:15:14.267 16867 17104 V RequestQueue: beforeExecute : PREPARE_START_PREVIEW(201)
10-07 01:15:14.267 16867 17104 D Request : PrepareStartPreviewRequest - Start
10-07 01:15:14.267 16867 17104 I CameraPerformance: Device - PrepareStartPreviewRequest : Start[1665119714267]
10-07 01:15:14.267 16867 17155 V CameraHolder: getCapability - Capability List lock acquired
10-07 01:15:14.267 16867 17104 V CameraHolder: getCapability - Capability List lock acquired
10-07 01:15:14.267 16867 17104 D Request : setCameraPreviewSettings
10-07 01:15:14.268 16867 17104 V CameraHolder: getCapability - Capability List lock acquired
10-07 01:15:14.268 16867 17104 D Request : setZoomLevel : level = 0
10-07 01:15:14.268 16867 17104 V AbstractCameraSettings: getDefaultBackFlashMode: 0
10-07 01:15:14.268 16867 17104 V CameraSettings: getShootingModeValueForISPset : 0
10-07 01:15:14.268 16867 17104 V CameraHolder: getCapability - Capability List lock acquired
10-07 01:15:14.268 16867 17104 V Util    : findThumbnailSize: 504x376
10-07 01:15:14.269 16867 17104 D Request : setJpegThumbnailSize : - (504x376)
10-07 01:15:14.269 16867 17104 V CameraHolder: getCapability - Capability List lock acquired
10-07 01:15:14.269 16867 17104 D ShootingModeProvider: onStartPreviewPrepared - 0
10-07 01:15:14.275 16867 17104 V CameraHolder: getCapability - Capability List lock acquired
10-07 01:15:14.275 16867 17104 I CameraPerformance: Device - PrepareStartPreviewRequest : End[1665119714275]
10-07 01:15:14.275 16867 17104 D Request : PrepareStartPreviewRequest - End
10-07 01:15:14.275 16867 17104 V RequestQueue: afterExecute : PREPARE_START_PREVIEW(201)
10-07 01:15:14.275 16867 17104 V RequestQueue: beforeExecute : START_PREVIEW(200)
10-07 01:15:14.275 16867 17104 D CommonEngine: changeState : OPENED -> PREVIEW_STARTING
10-07 01:15:14.275 16867 17104 D Request : StartPreviewRequest - Start
