10-07 01:15:14.276 16867 17155 V AbstractCameraSettings: getDefaultBackFlashMode: 0
10-07 01:15:14.276 16867 17155 V AbstractCameraSettings: getDefaultBackFlashMode: 0
10-07 01:15:14.276 16867 17104 I CameraPerformance: Device - StartPreviewRequest : Start[1665119714276]
10-07 01:15:14.277 16867 17155 V DimController: registerDimChangedListener : key=BACK_FLASH, listener=com.sec.android.app.camera.widget.gl.QuickSettingItem@927d742
10-07 01:15:14.277 16867 17155 V QuickSettingItem: onDimChanged : key=BACK_FLASH, isDim=false
10-07 01:15:14.277 16867 17155 V AbstractCameraSettings: getDefaultBackFlashMode: 0
10-07 01:15:14.278 16867 17155 V DimController: registerDimChangedListener : key=BACK_TORCH, listener=com.sec.android.app.camera.widget.gl.QuickSettingItem@e1be7a7
10-07 01:15:14.278 16867 17155 V QuickSettingItem: onDimChanged : key=BACK_TORCH, isDim=true
10-07 01:15:14.278 16867 17155 V QuickSettingItem: onDimChanged : setDim
10-07 01:15:14.278 16867 17155 V DimController: registerDimChangedListener : key=FRONT_FLASH, listener=com.sec.android.app.camera.widget.gl.QuickSettingItem@afb08d8
10-07 01:15:14.278 16867 17155 V QuickSettingItem: onDimChanged : key=FRONT_FLASH, isDim=false
10-07 01:15:14.279 16867 17155 V DimController: registerDimChangedListener : key=BACK_TORCH, listener=com.sec.android.app.camera.widget.gl.QuickSettingItem@3c28225
10-07 01:15:14.279 16867 17155 V QuickSettingItem: onDimChanged : key=BACK_TORCH, isDim=true
10-07 01:15:14.279 16867 17155 V QuickSettingItem: onDimChanged : setDim
10-07 01:15:14.280 16867 17155 V AbstractCameraSettings: getDefaultBackFlashMode: 0
10-07 01:15:14.280 16867 17155 V AbstractCameraSettings: getDefaultBackFlashMode: 0
10-07 01:15:14.280 16867 17155 V DimController: registerDimChangedListener : key=BACK_FLASH, listener=com.sec.android.app.camera.widget.gl.QuickSettingItem@1da839e
10-07 01:15:14.280 16867 17155 V QuickSettingItem: onDimChanged : key=BACK_FLASH, isDim=false
10-07 01:15:14.280 16867 17155 V AbstractCameraSettings: getDefaultBackFlashMode: 0
10-07 01:15:14.281 16867 17155 V DimController: registerDimChangedListener : key=BACK_TIMER, listener=com.sec.android.app.camera.widget.gl.QuickSettingItem@f9bab13
10-07 01:15:14.281 16867 17155 V QuickSettingItem: onDimChanged : key=BACK_TIMER, isDim=false
10-07 01:15:14.281 16867 17155 V DimController: registerDimChangedListener : key=FRONT_TIMER, listener=com.sec.android.app.camera.widget.gl.QuickSettingItem@fccd514
10-07 01:15:14.281 16867 17155 V QuickSettingItem: onDimChanged : key=FRONT_TIMER, isDim=false
10-07 01:15:14.282 16867 17155 V DimController: registerDimChangedListener : key=EXPOSURE_METERING, listener=com.sec.android.app.camera.widget.gl.QuickSettingItem@c5289f1
10-07 01:15:14.282 16867 17155 V QuickSettingItem: onDimChanged : key=EXPOSURE_METERING, isDim=false
10-07 01:15:14.282 16867 17155 V DimController: registerDimChangedListener : key=MULTI_AF_MODE, listener=com.sec.android.app.camera.widget.gl.QuickSettingItem@2595be5
10-07 01:15:14.282 16867 17155 V QuickSettingItem: onDimChanged : key=MULTI_AF_MODE, isDim=false
10-07 01:15:14.284 16867 17155 V DimController: registerDimChangedListener : key=RECORDING_MOTION_SPEED, listener=com.sec.android.app.camera.widget.gl.QuickSettingItem@4a14b99
10-07 01:15:14.284 16867 17155 V QuickSettingItem: onDimChanged : key=RECORDING_MOTION_SPEED, isDim=false
10-07 01:15:14.285 16867 17155 V DimController: registerDimChangedListener : key=SUPER_SLOW_MOTION_DETECTION_TYPE, listener=com.sec.android.app.camera.widget.gl.QuickSettingItem@233ed0d
10-07 01:15:14.285 16867 17155 V QuickSettingItem: onDimChanged : key=SUPER_SLOW_MOTION_DETECTION_TYPE, isDim=false
10-07 01:15:14.285 16867 17155 V DimController: registerDimChangedListener : key=FOOD_BLUR_EFFECT, listener=com.sec.android.app.camera.widget.gl.QuickSettingItem@3a69441
10-07 01:15:14.285 16867 17155 V QuickSettingItem: onDimChanged : key=FOOD_BLUR_EFFECT, isDim=false
10-07 01:15:14.287 16867 17155 W CommandIdMap: getSettingKey : Can't find FOOD_COLOR_TUNE_MENU at depot
10-07 01:15:14.287 16867 17104 V CameraHolder: getCapability - Capability List lock acquired
10-07 01:15:14.287 16867 17155 V DimController: registerDimChangedListener : key=BACK_CAMERA_PICTURE_RATIO, listener=com.sec.android.app.camera.widget.gl.QuickSettingItem@58cd86e
10-07 01:15:14.287 16867 17155 V QuickSettingItem: onDimChanged : key=BACK_CAMERA_PICTURE_RATIO, isDim=false
10-07 01:15:14.288 16867 17155 V DimController: registerDimChangedListener : key=FRONT_CAMERA_PICTURE_RATIO, listener=com.sec.android.app.camera.widget.gl.QuickSettingItem@85382a3
10-07 01:15:14.288 16867 17155 V QuickSettingItem: onDimChanged : key=FRONT_CAMERA_PICTURE_RATIO, isDim=false
10-07 01:15:14.288 16867 17155 V DimController: registerDimChangedListener : key=BACK_CAMCORDER_RATIO, listener=com.sec.android.app.camera.widget.gl.QuickSettingItem@a800c64
10-07 01:15:14.288 16867 17155 V QuickSettingItem: onDimChanged : key=BACK_CAMCORDER_RATIO, isDim=false
10-07 01:15:14.288 16867 17104 D CommonEngine: onStartPreviewRequested
10-07 01:15:14.289 16867 17104 D CommonEngine: drawingFinished runnable = com.android.internal.view.SurfaceCallbackHelper$1@6a8e42c
10-07 01:15:14.289 16867 16867 V Camera9 : onStartPreviewRequested
10-07 01:15:14.289 16867 17155 V DimController: registerDimChangedListener : key=FRONT_CAMCORDER_RATIO, listener=com.sec.android.app.camera.widget.gl.QuickSettingItem@5aaea01
10-07 01:15:14.289 16867 17155 V QuickSettingItem: onDimChanged : key=FRONT_CAMCORDER_RATIO, isDim=false
10-07 01:15:14.289 16867 17091 I CameraPerformance: Update - UpdateLatestMedia : Start[1665119714289]
10-07 01:15:14.289 16867 17155 V DimController: registerDimChangedListener : key=DUAL_CAPTURE_IN_LIVE_FOCUS, listener=com.sec.android.app.camera.widget.gl.QuickSettingItem@d79cafb
10-07 01:15:14.289 16867 17155 V QuickSettingItem: onDimChanged : key=DUAL_CAPTURE_IN_LIVE_FOCUS, isDim=false
10-07 01:15:14.290 16867 17155 V DimController: registerDimChangedListener : key=BACK_PHOTO_EFFECTS_TAB, listener=com.sec.android.app.camera.widget.gl.QuickSettingItem@c0caecf
10-07 01:15:14.290 16867 17155 V QuickSettingItem: onDimChanged : key=BACK_PHOTO_EFFECTS_TAB, isDim=false
10-07 01:15:14.291 16867 17155 V DimController: registerDimChangedListener : key=BACK_VIDEO_EFFECTS_TAB, listener=com.sec.android.app.camera.widget.gl.QuickSettingItem@386c660
10-07 01:15:14.291 16867 17155 V QuickSettingItem: onDimChanged : key=BACK_VIDEO_EFFECTS_TAB, isDim=false
10-07 01:15:14.291 16867 16867 V BeautyController: onStartPreviewCompleted
10-07 01:15:14.291 16867 16867 D BeautyController: setBeautyEffectOff = true
10-07 01:15:14.291 16867 16867 D RequestQueue: addRequest : SET_PRIVATE_SETTING, BEAUTY_EFFECT_OFF : true, 0
10-07 01:15:14.291 16867 16867 D BeautyController: setSkinToneLevel : skinToneLevel=2
10-07 01:15:14.291 16867 16867 V CameraHolder: getCapability - Capability List lock acquired
10-07 01:15:14.291 16867 16867 D RequestQueue: addRequest : SET_PRIVATE_SETTING, BEAUTY_FACE_RETOUCH_LEVEL : true, 2
10-07 01:15:14.291 16867 16867 D BeautyController: setSkinColorLevel : skinColorLevel=0
10-07 01:15:14.291 16867 16867 D RequestQueue: addRequest : SET_PRIVATE_SETTING, BEAUTY_FACE_COLOR_LEVEL : 0, 0
10-07 01:15:14.291 16867 16867 D BeautyController: setSlimFaceLevel : slimFaceLevel=0
10-07 01:15:14.291 16867 16867 D RequestQueue: addRequest : SET_PRIVATE_SETTING, BEAUTY_SLIM_FACE_LEVEL : 0, 0
10-07 01:15:14.291 16867 16867 D BeautyController: setLargeEyesLevel : largeEyesLevel=0
10-07 01:15:14.291 16867 16867 D RequestQueue: addRequest : SET_PRIVATE_SETTING, BEAUTY_EYE_ENLARGE_LEVEL : 0, 0
10-07 01:15:14.291 16867 17155 V DimController: registerDimChangedListener : key=FRONT_PHOTO_EFFECTS_TAB, listener=com.sec.android.app.camera.widget.gl.QuickSettingItem@9cbb08d
10-07 01:15:14.291 16867 17155 V QuickSettingItem: onDimChanged : key=FRONT_PHOTO_EFFECTS_TAB, isDim=false
10-07 01:15:14.292 16867 17155 V DimController: registerDimChangedListener : key=FRONT_VIDEO_EFFECTS_TAB, listener=com.sec.android.app.camera.widget.gl.QuickSettingItem@d71e366
10-07 01:15:14.292 16867 17155 V QuickSettingItem: onDimChanged : key=FRONT_VIDEO_EFFECTS_TAB, isDim=false
10-07 01:15:14.292 16867 17155 W CommandIdMap: getSettingKey : Can't find LIVE_FOCUS_BEAUTY_MENU at depot
10-07 01:15:14.293 16867 17155 W CommandIdMap: getSettingKey : Can't find SELFIE_FOCUS_BEAUTY_MENU at depot
10-07 01:15:14.293 16867 17155 V DimController: registerDimChangedListener : key=COMPOSITION_GUIDE, listener=com.sec.android.app.camera.widget.gl.QuickSettingItem@812d4d9
10-07 01:15:14.293 16867 17155 V QuickSettingItem: onDimChanged : key=COMPOSITION_GUIDE, isDim=false
10-07 01:15:14.293 16867 17155 W CommandIdMap: getSettingKey : Can't find LAUNCH_SETTING_ACTIVITY at depot
10-07 01:15:14.294 16867 17155 W CommandIdMap: getSettingKey : Can't find LAUNCH_SETTING_ACTIVITY at depot
10-07 01:15:14.294 16867 17091 W StorageUtils: isExternalSdStorageMounted : mSdStorageVolumeInternalPath is null
10-07 01:15:14.295 16867 17155 W CommandIdMap: getSettingKey : Can't find CAMERA_SAVE_RICHTONE at depot
10-07 01:15:14.301 16867 17155 V ShootingModeShortcut: onShootingModeChanged : id= 0, facing= 1, isFacingSwitch= false
10-07 01:15:14.301 16867 17155 V SMSCList: translateCurrentItemToCenter
10-07 01:15:14.302 16867 17155 V SMSCList: findSelectShootingModeShortcutItem
10-07 01:15:14.302 16867 17155 E Util    : Could not find com.samsung.android.aremoji
10-07 01:15:14.316 16867 17155 V AbstractCameraSettings: getDefaultStorage: 0
10-07 01:15:14.319 16867 17155 V MenuManager: createMenu end: BASE
10-07 01:15:14.319 16867 17155 E MenuManager: pushMenu : java.util.NoSuchElementException
10-07 01:15:14.319 16867 17155 V AbstractCameraSettings: getDefaultBackFlashMode: 0
10-07 01:15:14.320 16867 17155 V AbstractCameraSettings: getDefaultBackFlashMode: 0
10-07 01:15:14.320 16867 17155 D CallbackManager: enabling HdrStateCallback after change in camera settings
10-07 01:15:14.320 16867 17155 D RequestQueue: addRequest : SET_PRIVATE_SETTING, ENABLE_HDR_CALLBACK : true, 0
10-07 01:15:14.320 16867 17155 V AbstractMenu: setMainButtonDefaultResource: SHOOTING_MODE_AUTO
10-07 01:15:14.321 16867 17155 D Util    : salesCode  = VZW
10-07 01:15:14.330 16867 16867 V MenuManager: setShootingMode : 0
10-07 01:15:14.330 16867 16867 D ShootingModeProvider: onCreateView - 0
10-07 01:15:14.330 16867 16867 V Auto    : onCreateView
10-07 01:15:14.330 16867 16867 D GLStringTexture: mWidth : 0, mHeight : 0
10-07 01:15:14.336 16867 17155 V VisualInteraction: setPreviewRect
10-07 01:15:14.336 16867 17155 I CameraPerformance: Launch - BaseMenuLoading : End[1665119714336]
10-07 01:15:14.337 16867 16867 V Camera9 : handleMessage :: msg.what = 52
10-07 01:15:14.337 16867 16867 V Camera9 : handleMessage :: msg.what = 52
10-07 01:15:14.337 16867 16867 V Camera9 : handleMessage done :: msg.what = 52
10-07 01:15:14.339 16867 17091 V LatestMediaContent: LatestMediaContent cursor.getCount() 1
10-07 01:15:14.340 16867 17091 D LatestMediaContent: LatestMediaContent founds image. 6308, mBestPhotoGroupId = 0, dateTaken = 1665102079419
10-07 01:15:14.340 16867 17091 D LatestMediaContent: LatestMediaContent is not Burst shot
10-07 01:15:14.346 16867 17091 I CameraPerformance: Update - UpdateLatestMedia : End[1665119714346] [57]
10-07 01:15:14.385   705   705 I SurfaceFlinger:  SolidColor |              | 0002 |  Unknown  |   0.0    0.0   -1.0   -1.0 |    0  262 1080 1702 | Background for -SurfaceView - com.se[...]app.camera.Camera@3601784@0[16867]#0
10-07 01:15:14.385   705   705 I SurfaceFlinger:      Device | 0x723f370b80 | 0000 | RGBA_8888 |   0.0    0.0 1080.0 2220.0 |    0    0 1080 2220 | SurfaceView - com.sec.android.app.ca[...]app.camera.Camera@dfdfaab@0[16867]#0
10-07 01:15:14.385   705   705 I SurfaceFlinger:      Device | 0x723f3d5a80 | 0000 | RGBA_8888 |   0.0    0.0 1080.0 2220.0 |    0    0 1080 2220 | com.sec.android.app.camera/com.sec.android.app.camera.Camera[16867]#0
10-07 01:15:14.385   705   705 I SurfaceFlinger:      Device | 0x723f3d5780 | 0002 | RGBA_8888 |   0.0    0.0 1080.0 2220.0 |    0    0 1080 2220 | Splash Screen com.sec.android.app.camera[16867]#0
10-07 01:15:14.417   705   705 I SurfaceFlinger:  SolidColor |              | 0002 |  Unknown  |   0.0    0.0   -1.0   -1.0 |    0  262 1080 1702 | Background for -SurfaceView - com.se[...]app.camera.Camera@3601784@0[16867]#0
10-07 01:15:14.417   705   705 I SurfaceFlinger:      Device | 0x723f3d5f00 | 0000 | RGBA_8888 |   0.0    0.0 1080.0 2220.0 |    0    0 1080 2220 | SurfaceView - com.sec.android.app.ca[...]app.camera.Camera@dfdfaab@0[16867]#0
10-07 01:15:14.417   705   705 I SurfaceFlinger:      Device | 0x723f3d5a80 | 0000 | RGBA_8888 |   0.0    0.0 1080.0 2220.0 |    0    0 1080 2220 | com.sec.android.app.camera/com.sec.android.app.camera.Camera[16867]#0
10-07 01:15:14.417   705   705 I SurfaceFlinger:      Device | 0x723f3d5780 | 0002 | RGBA_8888 |   0.0    0.0 1080.0 2220.0 |    0    0 1080 2220 | Splash Screen com.sec.android.app.camera[16867]#0
10-07 01:15:14.499   705   762 I SurfaceFlinger: id=8564 Removed Splash Screen com.sec.android.app.camera[16867]#0 (0/123)
10-07 01:15:14.502   705   762 W SurfaceFlinger: Attempting to set client state on removed layer: Splash Screen com.sec.android.app.camera[16867]#0 [s.what : 40]
10-07 01:15:14.502   705   762 W SurfaceFlinger: Attempting to destroy on removed layer: Splash Screen com.sec.android.app.camera[16867]#0
10-07 01:15:14.513   705   705 I Layer   : id=8564 onRemoved Splash Screen com.sec.android.app.camera[16867]#0 
10-07 01:15:14.518   705   705 I SurfaceFlinger:  SolidColor |              | 0002 |  Unknown  |   0.0    0.0   -1.0   -1.0 |    0  262 1080 1702 | Background for -SurfaceView - com.se[...]app.camera.Camera@3601784@0[16867]#0
10-07 01:15:14.518   705   705 I SurfaceFlinger:      Device | 0x723f3d5f00 | 0000 | RGBA_8888 |   0.0    0.0 1080.0 2220.0 |    0    0 1080 2220 | SurfaceView - com.sec.android.app.ca[...]app.camera.Camera@dfdfaab@0[16867]#0
10-07 01:15:14.518   705   705 I SurfaceFlinger:      Device | 0x723f3d5a80 | 0000 | RGBA_8888 |   0.0    0.0 1080.0 2220.0 |    0    0 1080 2220 | com.sec.android.app.camera/com.sec.android.app.camera.Camera[16867]#0
10-07 01:15:14.526 16867 17104 V MotionPhotoController: startMotionPhoto
10-07 01:15:14.526 16867 17104 D SemMotionPhotoComposer-remote: SemMotionPhotoComposer: com.sec.android.app.camera.CameraApplication@403d7ee
10-07 01:15:14.527 16867 17104 D SemMotionPhotoComposer-remote: remote-composer
10-07 01:15:14.527 16867 17104 D ConnectionManager: ConnectionManager
10-07 01:15:14.527 16867 17104 D ConnectionManager: init: com.sec.android.app.camera.CameraApplication@403d7ee
10-07 01:15:14.533 16867 17104 V CameraHolder: getCapability - Capability List lock acquired
10-07 01:15:14.534 16867 17104 D SemMotionPhotoComposer-remote: [LOADED]start, preview-size=1440x1080@1987277938;cam-id=rear@1987277938;buffering-mode=front@1987277938;fps-factor=2@1986621044;use-intrinsic-timestamp=true@1986161774;use-proxy-storetime=true@1986161774;fps-range=[15000,30000]@1634299508;effect-mode=off@1987277938
10-07 01:15:14.534 16867 17104 D CommonEngine: onStartPreviewRequestApplied
10-07 01:15:14.534 16867 17104 D RequestQueue: addRequest : SET_ORIENTATION, 0
10-07 01:15:14.534 16867 17104 D Request : StartPreviewRequest - End
10-07 01:15:14.534 16867 17104 D CommonEngine: changeState : PREVIEW_STARTING -> PREVIEWING
10-07 01:15:14.534 16867 17104 V RequestQueue: afterExecute : START_PREVIEW(200)
10-07 01:15:14.534 16867 17104 V RequestQueue: beforeExecute : NOTIFY_CHANGE_SHOOTING_MODE_COMPLETED(590)
10-07 01:15:14.534 16867 17104 D Request : NotifyChangeShootingModeCompletedRequest - Start
10-07 01:15:14.535 16867 17104 D Request : NotifyChangeShootingModeCompletedRequest - End
10-07 01:15:14.535 16867 17104 V RequestQueue: Waiting for a signal : NOTIFY_CHANGE_SHOOTING_MODE_COMPLETED
10-07 01:15:14.535 16867 16867 D Camera9 : onChangeShootingModeCompleted(false) : start
10-07 01:15:14.535 16867 16867 V AbstractCameraSettings: getDefaultStorage: 0
10-07 01:15:14.536 16867 16867 V Camera9 : updateRemainStorageIndicator(3056)
10-07 01:15:14.536 16867 16867 D Camera9 : onChangeShootingModeCompleted : end
10-07 01:15:14.536 16867 16867 D RequestQueue: notifyRequest : NOTIFY_CHANGE_SHOOTING_MODE_COMPLETED
10-07 01:15:14.536 16867 17104 D RequestQueue: Signaled : NOTIFY_CHANGE_SHOOTING_MODE_COMPLETED
10-07 01:15:14.536 16867 17104 V RequestQueue: afterExecute : NOTIFY_CHANGE_SHOOTING_MODE_COMPLETED(590)
10-07 01:15:14.536 16867 17104 V RequestQueue: beforeExecute : SET_PRIVATE_SETTING(560)
10-07 01:15:14.536 16867 17104 D Request : SetPrivateSettingRequest - Start
10-07 01:15:14.536 16867 17104 D Request : SetPrivateSetting : Key = ENABLE_BRIGHTNESS_VALUE_CALLBACK, arg1 = true, arg2 = 0
10-07 01:15:14.537 16867 17104 D Request : SetPrivateSettingRequest - End
10-07 01:15:14.537 16867 17104 V RequestQueue: afterExecute : SET_PRIVATE_SETTING(560)
10-07 01:15:14.537 16867 17104 V RequestQueue: beforeExecute : SET_PRIVATE_SETTING(560)
10-07 01:15:14.537 16867 17104 D Request : SetPrivateSettingRequest - Start
10-07 01:15:14.537 16867 17104 D Request : SetPrivateSetting : Key = ENABLE_LIGHT_CONDITION, arg1 = true, arg2 = 0
10-07 01:15:14.537 16867 17104 D Request : SetPrivateSettingRequest - End
10-07 01:15:14.537 16867 17104 V RequestQueue: afterExecute : SET_PRIVATE_SETTING(560)
10-07 01:15:14.537 16867 17104 V RequestQueue: beforeExecute : SET_PRIVATE_SETTING(560)
10-07 01:15:14.537 16867 17104 D Request : SetPrivateSettingRequest - Start
10-07 01:15:14.537 16867 17104 D Request : SetPrivateSetting : Key = ENABLE_FLASH_AUTO_CALLBACK, arg1 = true, arg2 = 0
10-07 01:15:14.537 16867 17104 D Request : SetPrivateSettingRequest - End
10-07 01:15:14.537 16867 17104 V RequestQueue: afterExecute : SET_PRIVATE_SETTING(560)
10-07 01:15:14.537 16867 17104 V RequestQueue: beforeExecute : SET_PRIVATE_SETTING(560)
10-07 01:15:14.537 16867 17104 D Request : SetPrivateSettingRequest - Start
10-07 01:15:14.537 16867 17104 D Request : SetPrivateSetting : Key = ENABLE_HDR_CALLBACK, arg1 = true, arg2 = 0
10-07 01:15:14.538 16867 17104 D Request : SetPrivateSettingRequest - End
10-07 01:15:14.538 16867 17104 V RequestQueue: afterExecute : SET_PRIVATE_SETTING(560)
10-07 01:15:14.538 16867 17104 V RequestQueue: beforeExecute : SET_PRIVATE_SETTING(560)
10-07 01:15:14.538 16867 17104 D Request : SetPrivateSettingRequest - Start
10-07 01:15:14.538 16867 17104 D Request : SetPrivateSetting : Key = BEAUTY_EFFECT_OFF, arg1 = true, arg2 = 0
10-07 01:15:14.538 16867 17104 E Request : sendcommand Beauty Off 1193 1 0 
10-07 01:15:14.571 16867 17103 D CallbackManager: onLightConditionChanged : lightCondition =2
10-07 01:15:14.572 16867 17103 V CallbackManager: onExtraInfo - type: 1, value: 0
10-07 01:15:14.572 16867 17103 V CallbackManager: onExtraInfo - type: 2, value: 0
10-07 01:15:14.572 16867 17103 V CallbackManager: onExtraInfo - type: 3, value: 0
10-07 01:15:14.572 16867 17103 I SemCamera-JNI-Java: BRIGHTNESS_VALUE(-1.5507812)
10-07 01:15:14.572 16867 16867 V AbstractCameraSettings: getDefaultBackFlashMode: 0
10-07 01:15:14.572 16867 17103 E SemCamera-JNI-Java: METADATA_BURSTSHOT_FPS_CHANGED(20)
10-07 01:15:14.572 16867 17103 D BurstCaptureController: onBurstShotFpsChanged : burstShotFps=20
10-07 01:15:14.591 16867 17104 D Request : SetPrivateSettingRequest - End
10-07 01:15:14.591 16867 17104 V RequestQueue: afterExecute : SET_PRIVATE_SETTING(560)
10-07 01:15:14.591 16867 17104 V RequestQueue: beforeExecute : SET_PRIVATE_SETTING(560)
10-07 01:15:14.591 16867 17104 D Request : SetPrivateSettingRequest - Start
10-07 01:15:14.591 16867 17104 D Request : SetPrivateSetting : Key = BEAUTY_FACE_RETOUCH_LEVEL, arg1 = true, arg2 = 2
10-07 01:15:14.591 16867 17104 I SemCamera-JNI-Java: setBeautyLevel(true, 2)
10-07 01:15:14.593 16867 17104 D Request : SetPrivateSettingRequest - End
10-07 01:15:14.593 16867 17104 V RequestQueue: afterExecute : SET_PRIVATE_SETTING(560)
10-07 01:15:14.593 16867 17104 V RequestQueue: beforeExecute : SET_PRIVATE_SETTING(560)
10-07 01:15:14.593 16867 17104 D Request : SetPrivateSettingRequest - Start
10-07 01:15:14.593 16867 17104 D Request : SetPrivateSetting : Key = BEAUTY_FACE_COLOR_LEVEL, arg1 = 0, arg2 = 0
10-07 01:15:14.593 16867 17104 D Request : SetPrivateSettingRequest - End
10-07 01:15:14.593 16867 17104 V RequestQueue: afterExecute : SET_PRIVATE_SETTING(560)
10-07 01:15:14.593 16867 17104 V RequestQueue: beforeExecute : SET_PRIVATE_SETTING(560)
10-07 01:15:14.593 16867 17104 D Request : SetPrivateSettingRequest - Start
10-07 01:15:14.593 16867 17104 D Request : SetPrivateSetting : Key = BEAUTY_SLIM_FACE_LEVEL, arg1 = 0, arg2 = 0
10-07 01:15:14.593 16867 17104 D Request : SetPrivateSettingRequest - End
10-07 01:15:14.593 16867 17104 V RequestQueue: afterExecute : SET_PRIVATE_SETTING(560)
10-07 01:15:14.593 16867 17104 V RequestQueue: beforeExecute : SET_PRIVATE_SETTING(560)
10-07 01:15:14.593 16867 17104 D Request : SetPrivateSettingRequest - Start
10-07 01:15:14.593 16867 17104 D Request : SetPrivateSetting : Key = BEAUTY_EYE_ENLARGE_LEVEL, arg1 = 0, arg2 = 0
10-07 01:15:14.593 16867 17104 D Request : SetPrivateSettingRequest - End
10-07 01:15:14.593 16867 17104 V RequestQueue: afterExecute : SET_PRIVATE_SETTING(560)
10-07 01:15:14.593 16867 17104 V RequestQueue: beforeExecute : SET_PRIVATE_SETTING(560)
10-07 01:15:14.593 16867 17104 D Request : SetPrivateSettingRequest - Start
10-07 01:15:14.593 16867 17104 D Request : SetPrivateSetting : Key = ENABLE_HDR_CALLBACK, arg1 = true, arg2 = 0
10-07 01:15:14.594 16867 17104 D Request : SetPrivateSettingRequest - End
10-07 01:15:14.594 16867 17104 V RequestQueue: afterExecute : SET_PRIVATE_SETTING(560)
10-07 01:15:14.594 16867 17104 V RequestQueue: beforeExecute : SET_ORIENTATION(564)
10-07 01:15:14.594 16867 17104 D Request : SetOrientationRequest - Start
10-07 01:15:14.594 16867 17104 D Request : SetOrientationRequest - End
10-07 01:15:14.594 16867 17104 V RequestQueue: afterExecute : SET_ORIENTATION(564)
10-07 01:15:14.594 16867 16867 V CameraSettings: handleNotifications : key size=5, front_hdr10_recording=0,mode_custom_setting=0,back_photo_filter=0,back_hdr10_recording=0,qr_scanner_mode=1,
10-07 01:15:14.594 16867 16867 V DimController: onCameraSettingChanged : key=FRONT_HDR10_RECORDING,value=0- START
10-07 01:15:14.594 16867 16867 V DimController: onCameraSettingChanged : key=FRONT_HDR10_RECORDING,value=0- END
10-07 01:15:14.594 16867 16867 D CommonEngine: onCameraSettingChanged : key=FRONT_HDR10_RECORDING, value=0
10-07 01:15:14.594 16867 16867 V DimController: onCameraSettingChanged : key=MODE_CUSTOM_SETTING,value=0- START
10-07 01:15:14.594 16867 16867 V DimController: onCameraSettingChanged : key=MODE_CUSTOM_SETTING,value=0- END
10-07 01:15:14.594 16867 16867 D CommonEngine: onCameraSettingChanged : key=MODE_CUSTOM_SETTING, value=0
10-07 01:15:14.594 16867 16867 V DimController: onCameraSettingChanged : key=BACK_PHOTO_FILTER,value=0- START
10-07 01:15:14.594 16867 16867 V DimController: onCameraSettingChanged : key=BACK_PHOTO_FILTER,value=0- END
10-07 01:15:14.594 16867 16867 D CommonEngine: onCameraSettingChanged : key=BACK_PHOTO_FILTER, value=0
10-07 01:15:14.594 16867 16867 V DimController: onCameraSettingChanged : key=BACK_HDR10_RECORDING,value=0- START
10-07 01:15:14.594 16867 16867 V DimController: onCameraSettingChanged : key=BACK_HDR10_RECORDING,value=0- END
10-07 01:15:14.594 16867 16867 D CommonEngine: onCameraSettingChanged : key=BACK_HDR10_RECORDING, value=0
10-07 01:15:14.594 16867 16867 V DimController: onCameraSettingChanged : key=QR_SCANNER_MODE,value=1- START
10-07 01:15:14.594 16867 16867 V DimController: onCameraSettingChanged : key=QR_SCANNER_MODE,value=1- END
10-07 01:15:14.595 16867 16867 D CommonEngine: onCameraSettingChanged : key=QR_SCANNER_MODE, value=1
10-07 01:15:14.609 16867 17103 I SemCamera-JNI-Java: COMMON_SHOT_PREVIEW_STARTED
10-07 01:15:14.609 16867 17103 I CameraPerformance: Device - StartPreviewRequest : End[1665119714609]
10-07 01:15:14.609 16867 16867 V Camera9 : onStartPreviewCompleted
10-07 01:15:14.609 16867 16867 I VerificationLog: Executed
10-07 01:15:14.609 16867 16867 I CameraPerformance: Launch - LazyLoading : Start[1665119714609]
10-07 01:15:14.609 16867 16867 V Camera9 : updateThumbnail
10-07 01:15:14.609 16867 16867 D SamsungAnalyticsLogUtil: sendSALog screenID = null, event =7001, detail =1
10-07 01:15:14.609 16867 16867 D SamsungAnalyticsLogUtil: sendSALog: screenID or event id is null 
10-07 01:15:14.609 16867 16867 V Camera9 : activateShootingMode : start
10-07 01:15:14.609 16867 16867 D ShootingModeProvider: onActivate - 0
10-07 01:15:14.611 16867 16867 D SamsungAnalyticsLogUtil: setSAScreenId screenID = 001
10-07 01:15:14.611 16867 16867 D SamsungAnalytics111040: user do not agree
10-07 01:15:14.611 16867 16867 V Auto    : onActivate
10-07 01:15:14.611 16867 16867 D RequestQueue: addRequest : SET_PRIVATE_SETTING, ENABLE_QR_CODE_DETECTION : true, 2
10-07 01:15:14.611 16867 16867 D RequestQueue: addRequest : SET_PRIVATE_SETTING, CAMERA_CMD_SET_QRCODE_DETECTION_BREAK_TIME : 500, 0
10-07 01:15:14.611 16867 16867 V Auto    : onCameraSettingsChanged settingKey=BACK_PHOTO_FILTER settingValue=0
10-07 01:15:14.612 16867 16867 V BaseMenu: refreshQuickSetting: SHOOTING_MODE_AUTO
10-07 01:15:14.612 16867 16867 D QuickSetting: clearQuickSetting
10-07 01:15:14.612 16867 17104 V RequestQueue: beforeExecute : SET_PRIVATE_SETTING(560)
10-07 01:15:14.612 16867 16867 V AbstractCameraSettings: getDefaultBackFlashMode: 0
10-07 01:15:14.612 16867 17104 D Request : SetPrivateSettingRequest - Start
10-07 01:15:14.612 16867 17104 D Request : SetPrivateSetting : Key = ENABLE_QR_CODE_DETECTION, arg1 = true, arg2 = 2
10-07 01:15:14.612 16867 16867 V BaseMenu: showView : ffffffff
10-07 01:15:14.612 16867 16867 V AbstractMenu: showThumbnailButton
10-07 01:15:14.613 16867 16867 V CameraLocalBCManager: sendLocalBroadcast : camera.action.ACTIVATE_SHOOTING_MODE
10-07 01:15:14.613 16867 16867 V Camera9 : activateShootingMode : end
10-07 01:15:14.613 16867 16867 V CameraHolder: getCapability - Capability List lock acquired
10-07 01:15:14.613 16867 16867 I chatty  : uid=10068(com.sec.android.app.camera) identical 1 line
10-07 01:15:14.613 16867 16867 V CameraHolder: getCapability - Capability List lock acquired
10-07 01:15:14.613 16867 16867 V ScaleZoomManager: initMaxZoomValue : mMaxZoomLevel = 800, mTotalZoomStep = 701, mMaxZoomRatio = 8.0
10-07 01:15:14.614 16867 17091 I CameraPerformance: Update - UpdateThumbnail : Start[1665119714613]
10-07 01:15:14.614 16867 17091 I ThumbnailButton: updateThumbnail.latest - start [1665119714614]
10-07 01:15:14.614 16867 17091 V ThumbnailButton: updateThumbnail.latest : uri = content://media/external/images/media/6308, orientation = 90
10-07 01:15:14.615 16867 17103 V CallbackManager: onExtraInfo - type: 2, value: 0
10-07 01:15:14.615 16867 17103 E SemCamera-JNI-Java: METADATA_BURSTSHOT_FPS_CHANGED(10)
10-07 01:15:14.615 16867 17103 D BurstCaptureController: onBurstShotFpsChanged : burstShotFps=10
10-07 01:15:14.617 16867 16867 D Util    : salesCode  = VZW
10-07 01:15:14.626 16867 17103 D SemCamera-JNI-Java: handleMessage: 16
10-07 01:15:14.627 16867 16867 D Util    : salesCode  = VZW
10-07 01:15:14.627 16867 16867 D CameraOrientationEvtMgr: orientation listener enabled
10-07 01:15:14.628 16867 16867 I CameraOrientationEvtMgr: using SemContextListener
10-07 01:15:14.628 16867 17104 D Request : SetPrivateSettingRequest - End
10-07 01:15:14.628 16867 17104 V RequestQueue: afterExecute : SET_PRIVATE_SETTING(560)
10-07 01:15:14.628 16867 17104 V RequestQueue: beforeExecute : SET_PRIVATE_SETTING(560)
10-07 01:15:14.628 16867 17104 D Request : SetPrivateSettingRequest - Start
10-07 01:15:14.628 16867 16867 D CameraOrientationEvtMgr: setSemContextListener
10-07 01:15:14.628 16867 17104 D Request : SetPrivateSetting : Key = CAMERA_CMD_SET_QRCODE_DETECTION_BREAK_TIME, arg1 = 500, arg2 = 0
10-07 01:15:14.628 16867 17104 D Request : SetPrivateSettingRequest - End
10-07 01:15:14.628 16867 17104 V RequestQueue: afterExecute : SET_PRIVATE_SETTING(560)
10-07 01:15:14.634 16867 16867 D SemContextManager:   .registerListener : listener = com.sec.android.app.camera.provider.CameraOrientationEventManager@c5b1478, service=Auto Rotation
10-07 01:15:14.634 16867 16867 V CameraExecutorManager: initialize
10-07 01:15:14.636 16867 16867 V SmartTipsUtil: smartTipsQuickLaunchCount : -1
10-07 01:15:14.637 16867 16895 D SemCamera-JNI-Java: postEventFromNative: 4
10-07 01:15:14.641   705   705 I SurfaceFlinger:      Device | 0x723ed71800 | 0002 | 0x0000011 |   0.0    0.0 1440.0 1080.0 |    0  262 1080 1702 | SurfaceView - com.sec.android.app.ca[...]app.camera.Camera@3601784@0[16867]#0
10-07 01:15:14.641   705   705 I SurfaceFlinger:      Device | 0x723edb2780 | 0000 | RGBA_8888 |   0.0    0.0 1080.0 2220.0 |    0    0 1080 2220 | SurfaceView - com.sec.android.app.ca[...]app.camera.Camera@dfdfaab@0[16867]#0
10-07 01:15:14.641   705   705 I SurfaceFlinger:      Device | 0x723f3d5a80 | 0000 | RGBA_8888 |   0.0    0.0 1080.0 2220.0 |    0    0 1080 2220 | com.sec.android.app.camera/com.sec.android.app.camera.Camera[16867]#0
10-07 01:15:14.643 16867 17103 D SemCamera-JNI-Java: handleMessage: 4
10-07 01:15:14.643 16867 17103 V AeAfManagerImpl: onAutoFocus : CANCELED(2)
10-07 01:15:14.648 16867 16867 V MediaRouter: Adding route: RouteInfo{ name=Phone, description=null, status=null, category=RouteCategory{ name=System types=ROUTE_TYPE_LIVE_AUDIO ROUTE_TYPE_LIVE_VIDEO  groupable=false }, supportedTypes=ROUTE_TYPE_LIVE_AUDIO ROUTE_TYPE_LIVE_VIDEO , presentationDisplay=null }
10-07 01:15:14.650 16867 17217 V CameraExecutorManager: onShootingModeChanged : 0, 1, false
10-07 01:15:14.650 16867 17217 V DimController: registerAllDimChangedListener : listener=com.sec.android.app.camera.executor.CameraExecutorManagerImpl@8efb153
10-07 01:15:14.650 16867 17217 V ActionStateSet: setCurrentActivity : Camera
10-07 01:15:14.660 16867 17103 D SemCamera-JNI-Java: handleMessage: 16
10-07 01:15:14.661 16867 16867 V MediaRouter: Adding route: RouteInfo{ name=Living Room TV, description=Chromecast, status=Available, category=RouteCategory{ name=System types=ROUTE_TYPE_LIVE_AUDIO ROUTE_TYPE_LIVE_VIDEO  groupable=false }, supportedTypes=ROUTE_TYPE_LIVE_AUDIO ROUTE_TYPE_LIVE_VIDEO ROUTE_TYPE_REMOTE_DISPLAY , presentationDisplay=null }
10-07 01:15:14.662 16867 16867 V MediaRouter: Adding route: RouteInfo{ name=Master Bedroom TV, description=Chromecast, status=Available, category=RouteCategory{ name=System types=ROUTE_TYPE_LIVE_AUDIO ROUTE_TYPE_LIVE_VIDEO  groupable=false }, supportedTypes=ROUTE_TYPE_LIVE_AUDIO ROUTE_TYPE_LIVE_VIDEO ROUTE_TYPE_REMOTE_DISPLAY , presentationDisplay=null }
10-07 01:15:14.662 16867 16867 V MediaRouter: Selecting route: RouteInfo{ name=Phone, description=null, status=null, category=RouteCategory{ name=System types=ROUTE_TYPE_LIVE_AUDIO ROUTE_TYPE_LIVE_VIDEO  groupable=false }, supportedTypes=ROUTE_TYPE_LIVE_AUDIO ROUTE_TYPE_LIVE_VIDEO , presentationDisplay=null }
10-07 01:15:14.670 16867 16867 D SamsungAnalyticsLogUtil: sendStatusSALog
10-07 01:15:14.671 16867 16867 D SamsungAnalytics111040: newThread on Executor
10-07 01:15:14.674 16867 16867 I CameraPerformance: Launch - LazyLoading : End[1665119714674] [65]
10-07 01:15:14.674 16867 16867 V VisualInteraction: handleStartPreviewCompletedEvent
10-07 01:15:14.675 16867 16867 W VisualInteraction: hidePreviewAnimation: Returned, current animation is NONE_ANIMATION
10-07 01:15:14.675 16867 16867 V GuideLineView: guide line is already set.
10-07 01:15:14.675 16867 16867 V ShootingModeShortcut: onStartPreviewCompleted: false
10-07 01:15:14.675 16867 16867 V Auto    : onStartPreviewCompleted
10-07 01:15:14.675 16867 16867 V CameraHolder: getCapability - Capability List lock acquired
10-07 01:15:14.676 16867 16867 V FaceRectView: enableFaceRectView : true
10-07 01:15:14.678 16867 16867 D SemContextManager: onSemContextChanged() : event = Auto Rotation Angle : -1
10-07 01:15:14.678 16867 16867 D SemContextManager: AutoRotationEvent : Angle = -1
10-07 01:15:14.678 16867 16867 D CameraOrientationEvtMgr: notifyOrientationChanged - ORIENTATION_UNKNOWN
10-07 01:15:14.678 16867 16867 D SemContextManager: onSemContextChanged() : event = Auto Rotation Angle : 0
10-07 01:15:14.679 16867 16867 D SemContextManager: AutoRotationEvent : Angle = 0
10-07 01:15:14.679 16867 16867 D GLContext: onSemContextChanged - angle : 0
10-07 01:15:14.679 16867 16867 D SemContextManager: onSemContextChanged() : event = Auto Rotation Angle : 0
10-07 01:15:14.679 16867 16867 D SemContextManager: AutoRotationEvent : Angle = 0
10-07 01:15:14.679 16867 16867 D ViewRootImpl@65984fa[Camera]: MSG_RESIZED: frame=Rect(0, 0 - 1080, 2220) ci=Rect(0, 0 - 0, 144) vi=Rect(0, 0 - 0, 144) or=1
10-07 01:15:14.686   705   705 I SurfaceFlinger:      Device | 0x723ed71a80 | 0002 | 0x0000011 |   0.0    0.0 1440.0 1080.0 |    0  262 1080 1702 | SurfaceView - com.sec.android.app.ca[...]app.camera.Camera@3601784@0[16867]#0
10-07 01:15:14.686   705   705 I SurfaceFlinger:      Device | 0x723edb2780 | 0000 | RGBA_8888 |   0.0    0.0 1080.0 2220.0 |    0    0 1080 2220 | SurfaceView - com.sec.android.app.ca[...]app.camera.Camera@dfdfaab@0[16867]#0
10-07 01:15:14.686   705   705 I SurfaceFlinger:      Device | 0x723f3d5a80 | 0000 | RGBA_8888 |   0.0    0.0 1080.0 2220.0 |    0    0 1080 2220 | com.sec.android.app.camera/com.sec.android.app.camera.Camera[16867]#0
10-07 01:15:14.691 16867 17091 I ThumbnailButton: updateThumbnail.latest - end[1665119714691]
10-07 01:15:14.691 16867 17091 I CameraPerformance: Update - UpdateThumbnail : End[1665119714691] [78]
10-07 01:15:14.701 16867 17103 D SemCamera-JNI-Java: handleMessage: 16
10-07 01:15:14.703   705   705 I SurfaceFlinger:      Device | 0x723ed71a80 | 0002 | 0x0000011 |   0.0    0.0 1440.0 1080.0 |    0  262 1080 1702 | SurfaceView - com.sec.android.app.ca[...]app.camera.Camera@3601784@0[16867]#0
10-07 01:15:14.703   705   705 I SurfaceFlinger:      Device | 0x723edb2780 | 0000 | RGBA_8888 |   0.0    0.0 1080.0 2220.0 |    0    0 1080 2220 | SurfaceView - com.sec.android.app.ca[...]app.camera.Camera@dfdfaab@0[16867]#0
10-07 01:15:14.708 16867 17091 I CameraPerformance: Launch - LoadHeavyResources : Start[1665119714707]
10-07 01:15:14.708 16867 17091 D Camera9 : loadPlugInFilters()
10-07 01:15:14.708 16867 17091 D PlugInFilterLoader: create PlugInFilterLoader
10-07 01:15:14.709 16867 17229 D PlugInFilterLoader: load PlugInFilter
10-07 01:15:14.709 16867 17229 D PlugInFilterLoader: checkUploadedFilterList
10-07 01:15:14.710 16867 17091 D Camera9 : loadPlugInStickers()
10-07 01:15:14.712 16867 17229 D PlugInFilterStorage: clear PlugInFilterLoader
10-07 01:15:14.712 16867 17091 I CameraPerformance: Launch - LoadHeavyResources : End[1665119714712] [5]
10-07 01:15:14.712 16867 17091 V Camera9 : onCallStateChanged : 0
10-07 01:15:14.718 16867 17091 V CallState: isVoIPCallOngoing = false
10-07 01:15:14.719 16867 17091 V CallState: isVTCallOngoing = false
10-07 01:15:14.719 16867 17091 V CameraLocalBCManager: sendLocalBroadcast : camera.action.CALL_STATE_IDLE
10-07 01:15:14.719 16867 16867 D AbstractMenu: onReceive: action = camera.action.CALL_STATE_IDLE
10-07 01:15:14.721 16867 16867 D ConnectionManager: onServiceConnected
10-07 01:15:14.721 16867 16867 D SemMotionPhotoComposer-remote: [LOADED]service is connected successfully
10-07 01:15:14.722 17192 17211 D APEX:MotionPhotoComposeServiceImpl: pid: 16867
10-07 01:15:14.723 17192 17211 D APEX:MotionPhotoComposeServiceImpl: [id: com.sec.android.app.camera16867]setComposerListener : com.samsung.android.apex.service.IMotionPhotoComposerListener$Stub$Proxy@5bda2f4
10-07 01:15:14.724 16867 16867 D SemMotionPhotoComposer-remote: [LOADED]connect
10-07 01:15:14.724 16867 17190 D SemMotionPhotoComposer-remote: [LOADED]handleMessage : 2
10-07 01:15:14.724 17192 17211 D APEX:MotionPhotoComposeServiceImpl: pid: 16867
10-07 01:15:14.724 17192 17211 D APEX:MotionPhotoComposeServiceImpl: id: com.sec.android.app.camera16867
10-07 01:15:14.733 17192 17226 D APEX:MotionPhotoComposeServiceImpl: do 8, data: Bundle[{id=com.sec.android.app.camera16867, token=2054414358}]
10-07 01:15:14.733 16867 17190 D SemMotionPhotoComposer-remote: changeState: LOADED -> IDLE
10-07 01:15:14.733 17192 17226 D APEX:MotionPhotoComposeServiceImpl: id: com.sec.android.app.camera16867, l: com.samsung.android.apex.service.IMotionPhotoComposerListener$Stub$Proxy@5bda2f4
10-07 01:15:14.733 16867 17190 D SemMotionPhotoComposer-remote: move 1 command from queue[(3-0-0)]
10-07 01:15:14.733 16867 16889 D SemMotionPhotoComposer-listener: notify: what=3001, arg1=10006, arg2=0
10-07 01:15:14.733 16867 17190 D SemMotionPhotoComposerHolder: register with key=2054414358, tag=n/a
10-07 01:15:14.733 16867 16889 D MotionPhotoController: onInfo - what 10006 ext1 0 data null
10-07 01:15:14.734 16867 17190 D SemMotionPhotoComposer-remote: [IDLE]handleMessage : 3
10-07 01:15:14.734 16867 17239 D SemMotionPhotoComposer-listener: notify: what=10006, arg1=2054414358, arg2=2054414358
10-07 01:15:14.734 17192 17211 D APEX:MotionPhotoComposeServiceImpl: pid: 16867
10-07 01:15:14.739 16867 17190 D SemMotionPhotoComposer-remote: changeState: IDLE -> EXECUTING
10-07 01:15:14.739 17192 17226 D APEX:MotionPhotoComposeServiceImpl: do 10, data: Bundle[{id=com.sec.android.app.camera16867}]
10-07 01:15:14.739 16867 17190 D SemMotionPhotoComposer-remote: no command queue for EXECUTING
10-07 01:15:14.739 17192 17226 D APEX:MotionPhotoComposeServiceImpl: id: com.sec.android.app.camera16867, listener: com.samsung.android.apex.service.IMotionPhotoComposerListener$Stub$Proxy@5bda2f4
10-07 01:15:14.739 16867 16895 D SemMotionPhotoComposer-listener: notify: what=3001, arg1=10008, arg2=0
10-07 01:15:14.739 16867 16895 D MotionPhotoController: onInfo - what 10008 ext1 0 data null
10-07 01:15:14.739 16867 16895 D RequestQueue: addRequest : SET_PRIVATE_SETTING, ENABLE_MOTION_PHOTO : true, 2054414358
10-07 01:15:14.739 16867 17104 V RequestQueue: beforeExecute : SET_PRIVATE_SETTING(560)
10-07 01:15:14.739 16867 17104 D Request : SetPrivateSettingRequest - Start
10-07 01:15:14.739 16867 17104 D Request : SetPrivateSetting : Key = ENABLE_MOTION_PHOTO, arg1 = true, arg2 = 2054414358
10-07 01:15:14.741 16867 17103 D SemCamera-JNI-Java: handleMessage: 16
10-07 01:15:14.744 16867 17104 D Request : SetPrivateSettingRequest - End
10-07 01:15:14.744 16867 17104 V RequestQueue: afterExecute : SET_PRIVATE_SETTING(560)
10-07 01:15:14.785 16867 17103 D SemCamera-JNI-Java: handleMessage: 16
10-07 01:15:14.789 16867 17103 I SemCamera-JNI-Java: BRIGHTNESS_VALUE(-1.5820312)
10-07 01:15:14.826 16867 17103 D SemCamera-JNI-Java: handleMessage: 16
10-07 01:15:14.835 16867 17091 V PlugInFilterLoader: onChange
10-07 01:15:14.835 16867 17091 D PlugInFilterLoader: onChange UPDATED
10-07 01:15:14.835 16867 17091 D PlugInFilterStorage: setNewFiltersUploadInfo : true
10-07 01:15:14.835 16867 17091 V CameraLocalBCManager: sendLocalBroadcast : camera.action.NEW_FILTER_UPLOADED
10-07 01:15:14.836 16867 17229 D PlugInFilterLoader: id[1], title[Cream], filterName[Cream], preloadFilter[1], libName[com.samsung.android.provider.filterprovider.libcreamy.so], version[2], filterType[SINGLE], vendor[SAMSUNG_MOBILE]
10-07 01:15:14.836 16867 17229 D PlugInFilterLoader: id[2], title[Deep], filterName[Deep], preloadFilter[1], libName[com.samsung.android.provider.filterprovider.libdeep.so], version[2], filterType[SINGLE], vendor[SAMSUNG_MOBILE]
10-07 01:15:14.836 16867 17229 D PlugInFilterLoader: id[3], title[Forest], filterName[Forest], preloadFilter[1], libName[com.samsung.android.provider.filterprovider.libforest.so], version[2], filterType[SINGLE], vendor[SAMSUNG_MOBILE]
10-07 01:15:14.837 16867 17229 D PlugInFilterLoader: id[4], title[Classic], filterName[Classic], preloadFilter[1], libName[com.samsung.android.provider.filterprovider.libclassic.so], version[2], filterType[SINGLE], vendor[SAMSUNG_MOBILE]
10-07 01:15:14.837 16867 17229 D PlugInFilterLoader: id[5], title[Cozy], filterName[Cozy], preloadFilter[1], libName[com.samsung.android.provider.filterprovider.libcozy.so], version[2], filterType[SINGLE], vendor[SAMSUNG_MOBILE]
10-07 01:15:14.838 16867 17229 D PlugInFilterLoader: id[6], title[Memory], filterName[Memory], preloadFilter[1], libName[com.samsung.android.provider.filterprovider.libmemory.so], version[2], filterType[SINGLE], vendor[Camera360]
10-07 01:15:14.838 16867 17229 D PlugInFilterLoader: id[7], title[Maple], filterName[Maple], preloadFilter[1], libName[com.samsung.android.provider.filterprovider.libmaple.so], version[2], filterType[SINGLE], vendor[UCam]
10-07 01:15:14.838 16867 17229 D PlugInFilterLoader: id[8], title[Blossom], filterName[Blossom], preloadFilter[1], libName[com.samsung.android.provider.filterprovider.libblossom.so], version[2], filterType[SINGLE], vendor[SAMSUNG_MOBILE]
10-07 01:15:14.839 16867 17229 D PlugInFilterLoader: id[9], title[Breeze], filterName[Breeze], preloadFilter[1], libName[com.samsung.android.provider.filterprovider.libbreeze.so], version[2], filterType[SINGLE], vendor[SAMSUNG_MOBILE]
10-07 01:15:14.839 16867 17229 D PlugInFilterLoader: id[10], title[Evergreen], filterName[Evergreen], preloadFilter[1], libName[com.samsung.android.provider.filterprovider.libevergreen.so], version[2], filterType[SINGLE], vendor[SAMSUNG_MOBILE]
10-07 01:15:14.840 16867 17229 D PlugInFilterLoader: id[11], title[Sunshine], filterName[Sunshine], preloadFilter[1], libName[com.samsung.android.provider.filterprovider.libsunshine.so], version[2], filterType[SINGLE], vendor[SAMSUNG_MOBILE]
10-07 01:15:14.840 16867 17229 D PlugInFilterLoader: id[12], title[Grayscale], filterName[Grayscale], preloadFilter[1], libName[com.samsung.android.provider.filterprovider.libgrayscale.so], version[2], filterType[SINGLE], vendor[SAMSUNG_MOBILE]
10-07 01:15:14.840 16867 17229 D PlugInFilterLoader: id[13], title[Cookie Cream], filterName[CookiNCream], preloadFilter[1], libName[com.samsung.android.provider.filterprovider.libcookiencream.so], version[2], filterType[SINGLE], vendor[CandyCamera]
10-07 01:15:14.841 16867 17229 D PlugInFilterLoader: id[14], title[Nostalgia], filterName[Nostalgia], preloadFilter[1], libName[com.samsung.android.provider.filterprovider.libnostalgia.so], version[2], filterType[SINGLE], vendor[UCam]
10-07 01:15:14.841 16867 17229 D PlugInFilterLoader: id[15], title[Riddle], filterName[Riddle], preloadFilter[1], libName[com.samsung.android.provider.filterprovider.libriddle.so], version[2], filterType[SINGLE], vendor[B612]
10-07 01:15:14.842 16867 17260 D PlugInStickerLoader: loadStickers - START
10-07 01:15:14.845 16867 16867 V CameraLocalBCManager: sendLocalBroadcast : camera.action.FILTER_LOADED
10-07 01:15:14.845 16867 16867 D Camera9 : onReceive: action = camera.action.FILTER_LOADED
10-07 01:15:14.867 16867 17103 D SemCamera-JNI-Java: handleMessage: 16
10-07 01:15:14.908 16867 17103 D SemCamera-JNI-Java: handleMessage: 16
10-07 01:15:14.950 16867 17103 D SemCamera-JNI-Java: handleMessage: 16
10-07 01:15:14.990 16867 17103 D SemCamera-JNI-Java: handleMessage: 16
10-07 01:15:14.992 16867 17103 I SemCamera-JNI-Java: BRIGHTNESS_VALUE(-1.921875)
10-07 01:15:15.008 16867 17260 I PlugInStickerLoader: New sticker is installed : false
10-07 01:15:15.017 16867 17260 D PlugInStickerLoader: checkUploadedStickerList
10-07 01:15:15.018 16867 17260 I PlugInStickerLoader: count of sticker package : 2
10-07 01:15:15.023 16867 17260 I PlugInStickerLoader: my emoji sticker cursor count : 0
10-07 01:15:15.023 16867 17260 I PlugInStickerLoader: The number of my emoji sticker Id's assigned preload = 0 created = 0
10-07 01:15:15.032 16867 17091 V PlugInStickerLoader: onChange: false, uri : content://com.samsung.android.provider.stickerprovider/new_sticker_uploaded-true
10-07 01:15:15.032 16867 17091 V CameraLocalBCManager: sendLocalBroadcast : camera.action.NEW_STICKER_UPLOADED
10-07 01:15:15.035 16867 17103 D SemCamera-JNI-Java: handleMessage: 16
10-07 01:15:15.036 16867 17103 D CallbackManager: onLightConditionChanged : lightCondition =0
10-07 01:15:15.049 16867 17260 V CameraLocalBCManager: sendLocalBroadcast : camera.action.ACTION_REFRESH_STICKERS
10-07 01:15:15.049 16867 17260 D PlugInStickerLoader: loadStickers - END
10-07 01:15:15.075 16867 17103 D SemCamera-JNI-Java: handleMessage: 16
10-07 01:15:15.117 16867 17103 D SemCamera-JNI-Java: handleMessage: 16
10-07 01:15:15.159 16867 17103 D SemCamera-JNI-Java: handleMessage: 16
10-07 01:15:15.203 16867 17103 D SemCamera-JNI-Java: handleMessage: 16
10-07 01:15:15.204 16867 17103 I SemCamera-JNI-Java: BRIGHTNESS_VALUE(-1.6289062)
10-07 01:15:15.242 16867 17103 D SemCamera-JNI-Java: handleMessage: 16
10-07 01:15:15.288 16867 17103 D SemCamera-JNI-Java: handleMessage: 16
10-07 01:15:15.327 16867 17103 D SemCamera-JNI-Java: handleMessage: 16
10-07 01:15:15.373 16867 17103 D SemCamera-JNI-Java: handleMessage: 16
10-07 01:15:15.411 16867 17103 D SemCamera-JNI-Java: handleMessage: 16
10-07 01:15:15.411 16867 17103 I SemCamera-JNI-Java: BRIGHTNESS_VALUE(-1.3945312)
10-07 01:15:15.454 16867 17103 D SemCamera-JNI-Java: handleMessage: 16
10-07 01:15:15.493 16867 17103 D SemCamera-JNI-Java: handleMessage: 16
10-07 01:15:15.536 16867 17103 D SemCamera-JNI-Java: handleMessage: 16
10-07 01:15:15.577 16867 17103 D SemCamera-JNI-Java: handleMessage: 16
10-07 01:15:15.623 16867 17103 D SemCamera-JNI-Java: handleMessage: 16
10-07 01:15:15.623 16867 17103 I SemCamera-JNI-Java: BRIGHTNESS_VALUE(-1.1875)
10-07 01:15:15.665 16867 17103 D SemCamera-JNI-Java: handleMessage: 16
10-07 01:15:15.703 16867 17103 D SemCamera-JNI-Java: handleMessage: 16
10-07 01:15:15.745 16867 17103 D SemCamera-JNI-Java: handleMessage: 16
10-07 01:15:15.789 16867 17103 D SemCamera-JNI-Java: handleMessage: 16
10-07 01:15:15.791 16867 17103 E SemCamera-JNI-Java: METADATA_BURSTSHOT_FPS_CHANGED(20)
10-07 01:15:15.791 16867 17103 D BurstCaptureController: onBurstShotFpsChanged : burstShotFps=20
10-07 01:15:15.829 16867 17103 D SemCamera-JNI-Java: handleMessage: 16
10-07 01:15:15.830 16867 17103 I SemCamera-JNI-Java: BRIGHTNESS_VALUE(-0.5703125)
10-07 01:15:15.870 16867 17103 D SemCamera-JNI-Java: handleMessage: 16
10-07 01:15:15.917 16867 17103 D SemCamera-JNI-Java: handleMessage: 16
10-07 01:15:15.963 16867 17103 D SemCamera-JNI-Java: handleMessage: 16
10-07 01:15:15.971 16867 16895 D SemCamera-JNI-Java: postEventFromNative: 4
10-07 01:15:15.971 16867 17103 D SemCamera-JNI-Java: handleMessage: 4
10-07 01:15:15.971 16867 17103 V AeAfManagerImpl: onAutoFocus : FOCUSING(3)
10-07 01:15:16.004 16867 17103 D SemCamera-JNI-Java: handleMessage: 16
10-07 01:15:16.053 16867 17103 I SemCamera-JNI-Java: BRIGHTNESS_VALUE(-0.04296875)
10-07 01:15:16.090 16867 17103 D SemCamera-JNI-Java: handleMessage: 16
10-07 01:15:16.125 16867 17103 D SemCamera-JNI-Java: handleMessage: 16
10-07 01:15:16.176 16867 17103 D SemCamera-JNI-Java: handleMessage: 16
10-07 01:15:16.227 16867 17103 D SemCamera-JNI-Java: handleMessage: 16
10-07 01:15:16.253 16867 17103 D SemCamera-JNI-Java: handleMessage: 16
10-07 01:15:16.254 16867 17329 D SemCamera-JNI-Java: postEventFromNative: 4
10-07 01:15:16.255 16867 17103 I SemCamera-JNI-Java: BRIGHTNESS_VALUE(0.12890625)
10-07 01:15:16.255 16867 17103 D SemCamera-JNI-Java: handleMessage: 4
10-07 01:15:16.255 16867 17103 V AeAfManagerImpl: onAutoFocus : SUCCESS(1)
10-07 01:15:16.296 16867 16889 D SemCamera-JNI-Java: postEventFromNative: 4
10-07 01:15:16.296 16867 17103 D SemCamera-JNI-Java: handleMessage: 4
10-07 01:15:16.296 16867 17103 V AeAfManagerImpl: onAutoFocus : CANCELED(2)
10-07 01:15:16.309 16867 17103 D SemCamera-JNI-Java: handleMessage: 16
10-07 01:15:16.344 16867 17103 D SemCamera-JNI-Java: handleMessage: 16
10-07 01:15:16.383 16867 17103 D SemCamera-JNI-Java: handleMessage: 16
10-07 01:15:16.406 16867 17103 D SemCamera-JNI-Java: handleMessage: 16
10-07 01:15:16.441 16867 17103 D SemCamera-JNI-Java: handleMessage: 16
10-07 01:15:16.466 16867 17103 I SemCamera-JNI-Java: BRIGHTNESS_VALUE(0.484375)
10-07 01:15:16.473 16867 17103 D SemCamera-JNI-Java: handleMessage: 16
10-07 01:15:16.513 16867 17103 D SemCamera-JNI-Java: handleMessage: 16
10-07 01:15:16.546 16867 17103 D SemCamera-JNI-Java: handleMessage: 16
10-07 01:15:16.583 16867 17103 D SemCamera-JNI-Java: handleMessage: 16
10-07 01:15:16.605 16867 17103 D SemCamera-JNI-Java: handleMessage: 16
10-07 01:15:16.650 16867 17103 D SemCamera-JNI-Java: handleMessage: 16
10-07 01:15:16.670 16867 17103 D SemCamera-JNI-Java: handleMessage: 16
10-07 01:15:16.700 16867 17103 I SemCamera-JNI-Java: BRIGHTNESS_VALUE(0.9609375)
10-07 01:15:16.740 16867 17103 D SemCamera-JNI-Java: handleMessage: 16
10-07 01:15:16.799 16867 17103 D SemCamera-JNI-Java: handleMessage: 16
10-07 01:15:16.813 16867 17103 D SemCamera-JNI-Java: handleMessage: 16
10-07 01:15:16.836 16867 17103 D SemCamera-JNI-Java: handleMessage: 16
10-07 01:15:16.880 16867 17103 D SemCamera-JNI-Java: handleMessage: 16
10-07 01:15:16.921 16867 17103 D SemCamera-JNI-Java: handleMessage: 16
10-07 01:15:16.931 16867 17103 I SemCamera-JNI-Java: BRIGHTNESS_VALUE(1.5)
10-07 01:15:16.941 16867 17103 D SemCamera-JNI-Java: handleMessage: 16
10-07 01:15:16.990 16867 17103 D SemCamera-JNI-Java: handleMessage: 16
10-07 01:15:17.018 16867 17103 D SemCamera-JNI-Java: handleMessage: 16
10-07 01:15:17.061 16867 17103 D SemCamera-JNI-Java: handleMessage: 16
10-07 01:15:17.081 16867 17103 D SemCamera-JNI-Java: handleMessage: 16
10-07 01:15:17.122 16867 17103 D SemCamera-JNI-Java: handleMessage: 16
10-07 01:15:17.133 16867 16889 D SemCamera-JNI-Java: postEventFromNative: 4
10-07 01:15:17.133 16867 17103 I SemCamera-JNI-Java: BRIGHTNESS_VALUE(1.5625)
