10-07 01:15:17.133 16867 17103 D SemCamera-JNI-Java: handleMessage: 4
10-07 01:15:17.133 16867 17103 V AeAfManagerImpl: onAutoFocus : FOCUSING(3)
10-07 01:15:17.168 16867 17103 D SemCamera-JNI-Java: handleMessage: 16
10-07 01:15:17.209 16867 17103 D SemCamera-JNI-Java: handleMessage: 16
10-07 01:15:17.257 16867 17103 D SemCamera-JNI-Java: handleMessage: 16
10-07 01:15:17.262 16867 17103 I SemCamera-JNI-Java: SINGLE_SHOT_QRCODE_DETECT_EXTENDED
10-07 01:15:17.262 16867 17103 V Auto    : onHandleMessage: 0
10-07 01:15:17.263 16867 16867 V Auto    : refreshQrPopup
10-07 01:15:17.263 16867 16867 V QrCodePopup: makeQrPopup
10-07 01:15:17.265 16867 16867 V QrCodePopup: show
10-07 01:15:17.267 16867 16867 V QrCodePopup: startQrPopupShowAnimation
10-07 01:15:17.269 16867 16888 D SemCamera-JNI-Java: postEventFromNative: 4
10-07 01:15:17.269 16867 17103 D SemCamera-JNI-Java: handleMessage: 4
10-07 01:15:17.269 16867 17103 V AeAfManagerImpl: onAutoFocus : SUCCESS(1)
10-07 01:15:17.273 16867 16867 V CameraHolder: getCapability - Capability List lock acquired
10-07 01:15:17.273 16867 17103 D SemCamera-JNI-Java: handleMessage: 16
10-07 01:15:17.273 16867 16867 V QrRectView: showQrRectView
10-07 01:15:17.310 16867 17103 D SemCamera-JNI-Java: handleMessage: 16
10-07 01:15:17.336 16867 17103 D SemCamera-JNI-Java: handleMessage: 16
10-07 01:15:17.361 16867 17103 I SemCamera-JNI-Java: BRIGHTNESS_VALUE(1.4570312)
10-07 01:15:17.369 16867 17103 D SemCamera-JNI-Java: handleMessage: 16
10-07 01:15:17.405 16867 17103 D SemCamera-JNI-Java: handleMessage: 16
10-07 01:15:17.439 16867 17103 D SemCamera-JNI-Java: handleMessage: 16
10-07 01:15:17.472 16867 17103 D SemCamera-JNI-Java: handleMessage: 16
10-07 01:15:17.514 16867 17103 D SemCamera-JNI-Java: handleMessage: 16
10-07 01:15:17.529 16867 17103 D CallbackManager: onLightConditionChanged : lightCondition =2
10-07 01:15:17.548 16867 17103 D SemCamera-JNI-Java: handleMessage: 16
10-07 01:15:17.562 16867 17103 I SemCamera-JNI-Java: BRIGHTNESS_VALUE(1.4414062)
10-07 01:15:17.570 16867 17103 D SemCamera-JNI-Java: handleMessage: 16
10-07 01:15:17.592 16867 17101 V QrCodePopup: startQrPopupShowAnimation - onAnimationEnd
10-07 01:15:17.592 16867 17101 D SamsungAnalyticsLogUtil: sendSALog screenID = 001, event =0161, detail =1
10-07 01:15:17.592 16867 17101 D SamsungAnalytics111040: user do not agree
10-07 01:15:17.604 16867 17103 D SemCamera-JNI-Java: handleMessage: 16
10-07 01:15:17.654 16867 17103 D SemCamera-JNI-Java: handleMessage: 16
10-07 01:15:17.670 16867 17103 D SemCamera-JNI-Java: handleMessage: 16
10-07 01:15:17.711 16867 17103 D SemCamera-JNI-Java: handleMessage: 16
10-07 01:15:17.736 16867 17103 D SemCamera-JNI-Java: handleMessage: 16
10-07 01:15:17.771 16867 17103 D SemCamera-JNI-Java: handleMessage: 16
10-07 01:15:17.774 16867 16867 V Auto    : handleMessage :: msg.what = 3
10-07 01:15:17.774 16867 16867 V QrRectView: hideQrRectView
10-07 01:15:17.793 16867 17103 I SemCamera-JNI-Java: BRIGHTNESS_VALUE(1.4726562)
10-07 01:15:17.805 16867 17103 D SemCamera-JNI-Java: handleMessage: 16
10-07 01:15:17.837 16867 17103 D SemCamera-JNI-Java: handleMessage: 16
10-07 01:15:17.860 16867 17379 D SemCamera-JNI-Java: postEventFromNative: 4
10-07 01:15:17.860 16867 17103 D SemCamera-JNI-Java: handleMessage: 4
10-07 01:15:17.860 16867 17103 V AeAfManagerImpl: onAutoFocus : CANCELED(2)
10-07 01:15:17.877 16867 17103 D SemCamera-JNI-Java: handleMessage: 16
10-07 01:15:17.898 16867 17103 D CallbackManager: onLightConditionChanged : lightCondition =0
10-07 01:15:17.910 16867 17103 D SemCamera-JNI-Java: handleMessage: 16
10-07 01:15:17.937 16867 17103 D SemCamera-JNI-Java: handleMessage: 16
10-07 01:15:17.970 16867 17103 D SemCamera-JNI-Java: handleMessage: 16
10-07 01:15:17.995 16867 16914 I roid.app.camer: Waiting for a blocking GC ProfileSaver
10-07 01:15:17.996 16867 17103 I SemCamera-JNI-Java: BRIGHTNESS_VALUE(1.4804688)
10-07 01:15:18.003 16867 17103 D SemCamera-JNI-Java: handleMessage: 16
10-07 01:15:18.006 16867 16914 I roid.app.camer: WaitForGcToComplete blocked ProfileSaver on AddRemoveAppImageSpace for 11.283ms
10-07 01:15:18.039 16867 17103 D SemCamera-JNI-Java: handleMessage: 16
10-07 01:15:18.074 16867 17103 D SemCamera-JNI-Java: handleMessage: 16
10-07 01:15:18.128 16867 17103 D SemCamera-JNI-Java: handleMessage: 16
10-07 01:15:18.142 16867 17103 D SemCamera-JNI-Java: handleMessage: 16
10-07 01:15:18.171 16867 17103 D SemCamera-JNI-Java: handleMessage: 16
10-07 01:15:18.203 16867 17103 D SemCamera-JNI-Java: handleMessage: 16
10-07 01:15:18.228 16867 17103 I SemCamera-JNI-Java: BRIGHTNESS_VALUE(0.81640625)
10-07 01:15:18.238 16867 17103 D SemCamera-JNI-Java: handleMessage: 16
10-07 01:15:18.270 16867 17103 D SemCamera-JNI-Java: handleMessage: 16
10-07 01:15:18.308 16867 17103 D SemCamera-JNI-Java: handleMessage: 16
10-07 01:15:18.335 16867 17103 D SemCamera-JNI-Java: handleMessage: 16
10-07 01:15:18.339  1448  2012 I InputDispatcher: Delivering touch to (16867): action: 0x0, displayId: 0, '796b662', toolType: 1
10-07 01:15:18.341 16867 16867 D ViewRootImpl@65984fa[Camera]: ViewPostIme pointer 0
10-07 01:15:18.341 16867 16867 V Camera9 : stopInactivityTimer
10-07 01:15:18.341 16867 16867 V Camera9 : startInactivityTimer
10-07 01:15:18.360 16867 16867 V CameraHolder: getCapability - Capability List lock acquired
10-07 01:15:18.361 16867 16867 V CameraHolder: getCapability - Capability List lock acquired
10-07 01:15:18.369 16867 17103 D SemCamera-JNI-Java: handleMessage: 16
10-07 01:15:18.377 16867 16867 V CameraHolder: getCapability - Capability List lock acquired
10-07 01:15:18.378 16867 16867 V CameraHolder: getCapability - Capability List lock acquired
10-07 01:15:18.394 16867 16867 V CameraHolder: getCapability - Capability List lock acquired
10-07 01:15:18.394 16867 16867 V CameraHolder: getCapability - Capability List lock acquired
10-07 01:15:18.403 16867 17103 D SemCamera-JNI-Java: handleMessage: 16
10-07 01:15:18.410 16867 16867 V CameraHolder: getCapability - Capability List lock acquired
10-07 01:15:18.410 16867 16867 V CameraHolder: getCapability - Capability List lock acquired
10-07 01:15:18.427 16867 16867 V CameraHolder: getCapability - Capability List lock acquired
10-07 01:15:18.427 16867 16867 V CameraHolder: getCapability - Capability List lock acquired
10-07 01:15:18.437 16867 17103 D SemCamera-JNI-Java: handleMessage: 16
10-07 01:15:18.443 16867 16867 V CameraHolder: getCapability - Capability List lock acquired
10-07 01:15:18.444 16867 16867 V CameraHolder: getCapability - Capability List lock acquired
10-07 01:15:18.462  1448  2012 I clp-JNI : Add pinfo.  (channel) 796b662 com.sec.android.app.camera/com.sec.android.app.camera.Camera (server) (pkg) AppWindowToken{aab4b35 token=Token{f62f96c ActivityRecord{86321f u0 com.sec.android.app.camera/.Camera t17301}}} 16867 10068 (action) 1
10-07 01:15:18.462  1448  2012 I InputDispatcher: Delivering touch to (16867): action: 0x1, displayId: 0, '796b662', toolType: 1
10-07 01:15:18.463 16867 17103 I SemCamera-JNI-Java: BRIGHTNESS_VALUE(0.2890625)
10-07 01:15:18.464 16867 16867 V CameraHolder: getCapability - Capability List lock acquired
10-07 01:15:18.465 16867 16867 V CameraHolder: getCapability - Capability List lock acquired
10-07 01:15:18.466 16867 16867 D ViewRootImpl@65984fa[Camera]: ViewPostIme pointer 1
10-07 01:15:18.467 16867 16867 V QrCodePopup: hide
10-07 01:15:18.467 16867 16867 V QrCodePopup: startQrPopupHideAnimation
10-07 01:15:18.472 16867 17103 D SemCamera-JNI-Java: handleMessage: 16
10-07 01:15:18.506 16867 17103 D SemCamera-JNI-Java: handleMessage: 16
10-07 01:15:18.538 16867 17103 D SemCamera-JNI-Java: handleMessage: 16
10-07 01:15:18.575 16867 17103 D SemCamera-JNI-Java: handleMessage: 16
10-07 01:15:18.605 16867 17103 D SemCamera-JNI-Java: handleMessage: 16
10-07 01:15:18.639 16867 17103 D SemCamera-JNI-Java: handleMessage: 16
10-07 01:15:18.665 16867 17103 I SemCamera-JNI-Java: BRIGHTNESS_VALUE(0.0625)
10-07 01:15:18.672 16867 17103 D SemCamera-JNI-Java: handleMessage: 16
10-07 01:15:18.708 16867 17103 D SemCamera-JNI-Java: handleMessage: 16
10-07 01:15:18.739 16867 17103 D SemCamera-JNI-Java: handleMessage: 16

--- crash happens here onward ---

10-07 01:15:18.768 16867 16867 V LinkAction: doLinkAction() type : URI
10-07 01:15:18.770 16867 16867 D AndroidRuntime: Shutting down VM
10-07 01:15:18.771 16867 16867 E AndroidRuntime: FATAL EXCEPTION: main
10-07 01:15:18.771 16867 16867 E AndroidRuntime: Process: com.sec.android.app.camera, PID: 16867
10-07 01:15:18.771 16867 16867 E AndroidRuntime: android.os.FileUriExposedException: file:/// exposed beyond app through Intent.getData()
10-07 01:15:18.771 16867 16867 E AndroidRuntime: 	at android.os.StrictMode.onFileUriExposed(StrictMode.java:1978)
10-07 01:15:18.771 16867 16867 E AndroidRuntime: 	at android.net.Uri.checkFileUriExposed(Uri.java:2371)
10-07 01:15:18.771 16867 16867 E AndroidRuntime: 	at android.content.Intent.prepareToLeaveProcess(Intent.java:10936)
10-07 01:15:18.771 16867 16867 E AndroidRuntime: 	at android.content.Intent.prepareToLeaveProcess(Intent.java:10887)
10-07 01:15:18.771 16867 16867 E AndroidRuntime: 	at android.app.Instrumentation.execStartActivity(Instrumentation.java:1667)
10-07 01:15:18.771 16867 16867 E AndroidRuntime: 	at android.app.ContextImpl.startActivity(ContextImpl.java:979)
10-07 01:15:18.771 16867 16867 E AndroidRuntime: 	at android.app.ContextImpl.startActivity(ContextImpl.java:950)
10-07 01:15:18.771 16867 16867 E AndroidRuntime: 	at android.content.ContextWrapper.startActivity(ContextWrapper.java:384)
10-07 01:15:18.771 16867 16867 E AndroidRuntime: 	at com.sec.android.app.camera.util.LinkAction.startActivity(LinkAction.java:770)
10-07 01:15:18.771 16867 16867 E AndroidRuntime: 	at com.sec.android.app.camera.util.LinkAction.launchBrowser(LinkAction.java:604)
10-07 01:15:18.771 16867 16867 E AndroidRuntime: 	at com.sec.android.app.camera.util.LinkAction.doLinkAction(LinkAction.java:123)
10-07 01:15:18.771 16867 16867 E AndroidRuntime: 	at com.sec.android.app.camera.widget.gl.QrCodePopup.lambda$doLinkAction$0$QrCodePopup(QrCodePopup.java:383)
10-07 01:15:18.771 16867 16867 E AndroidRuntime: 	at com.sec.android.app.camera.widget.gl.QrCodePopup$$Lambda$0.run(Unknown Source:2)
10-07 01:15:18.771 16867 16867 E AndroidRuntime: 	at android.os.Handler.handleCallback(Handler.java:873)
10-07 01:15:18.771 16867 16867 E AndroidRuntime: 	at android.os.Handler.dispatchMessage(Handler.java:99)
10-07 01:15:18.771 16867 16867 E AndroidRuntime: 	at android.os.Looper.loop(Looper.java:214)
10-07 01:15:18.771 16867 16867 E AndroidRuntime: 	at android.app.ActivityThread.main(ActivityThread.java:7073)
10-07 01:15:18.771 16867 16867 E AndroidRuntime: 	at java.lang.reflect.Method.invoke(Native Method)
10-07 01:15:18.771 16867 16867 E AndroidRuntime: 	at com.android.internal.os.RuntimeInit$MethodAndArgsCaller.run(RuntimeInit.java:494)
10-07 01:15:18.771 16867 16867 E AndroidRuntime: 	at com.android.internal.os.ZygoteInit.main(ZygoteInit.java:964)
10-07 01:15:18.772 16867 16867 D SamsungAnalytics111040: get un exc
10-07 01:15:18.772 16867 16867 D SamsungAnalytics111040: user do not agree
10-07 01:15:18.777 16867 17103 D SemCamera-JNI-Java: handleMessage: 16
10-07 01:15:18.781 16867 17101 V QrCodePopup: startQrPopupHideAnimation - onAnimationEnd
10-07 01:15:18.784 16867 17379 D SemCamera-JNI-Java: postEventFromNative: 4
10-07 01:15:18.784 16867 17103 D SemCamera-JNI-Java: handleMessage: 4
10-07 01:15:18.784 16867 17103 V AeAfManagerImpl: onAutoFocus : FOCUSING(3)
10-07 01:15:18.806 16867 17103 D SemCamera-JNI-Java: handleMessage: 16
10-07 01:15:18.844 16867 17103 D SemCamera-JNI-Java: handleMessage: 16
10-07 01:15:18.884 16867 17103 D SemCamera-JNI-Java: handleMessage: 16
10-07 01:15:18.884 16867 17103 I SemCamera-JNI-Java: BRIGHTNESS_VALUE(-0.12109375)
10-07 01:15:18.927 16867 17103 D SemCamera-JNI-Java: handleMessage: 16
10-07 01:15:18.979 16867 17103 D SemCamera-JNI-Java: handleMessage: 16
10-07 01:15:19.013 16867 17103 D SemCamera-JNI-Java: handleMessage: 16
10-07 01:15:19.015 16867 17379 D SemCamera-JNI-Java: postEventFromNative: 4
10-07 01:15:19.015 16867 17103 D SemCamera-JNI-Java: handleMessage: 4
10-07 01:15:19.015 16867 17103 V AeAfManagerImpl: onAutoFocus : SUCCESS(1)
10-07 01:15:19.053 16867 17103 D SemCamera-JNI-Java: handleMessage: 16
10-07 01:15:19.066 16867 17329 D SemCamera-JNI-Java: postEventFromNative: 4
10-07 01:15:19.066 16867 17103 D SemCamera-JNI-Java: handleMessage: 4
10-07 01:15:19.066 16867 17103 V AeAfManagerImpl: onAutoFocus : CANCELED(2)
10-07 01:15:19.097 16867 17103 D SemCamera-JNI-Java: handleMessage: 16
10-07 01:15:19.103 16867 17103 I SemCamera-JNI-Java: BRIGHTNESS_VALUE(-0.21875)
10-07 01:15:19.136 16867 17103 D SemCamera-JNI-Java: handleMessage: 16
10-07 01:15:19.190 16867 17103 D SemCamera-JNI-Java: handleMessage: 16
10-07 01:15:19.224 16867 17103 D SemCamera-JNI-Java: handleMessage: 16
10-07 01:15:19.262 16867 17103 D SemCamera-JNI-Java: handleMessage: 16
10-07 01:15:19.301 16867 17103 D SemCamera-JNI-Java: handleMessage: 16
10-07 01:15:19.304 16867 17103 I SemCamera-JNI-Java: BRIGHTNESS_VALUE(-0.43359375)
10-07 01:15:19.357 16867 17103 D SemCamera-JNI-Java: handleMessage: 16
10-07 01:15:19.385 16867 17103 D SemCamera-JNI-Java: handleMessage: 16
10-07 01:15:19.440 16867 17103 D SemCamera-JNI-Java: handleMessage: 16
10-07 01:15:19.490 16867 17103 D SemCamera-JNI-Java: handleMessage: 16
10-07 01:15:19.514 16867 17103 I SemCamera-JNI-Java: BRIGHTNESS_VALUE(-0.39453125)
10-07 01:15:19.520 16867 17103 D SemCamera-JNI-Java: handleMessage: 16
10-07 01:15:19.552 16867 17103 D SemCamera-JNI-Java: handleMessage: 16
10-07 01:15:19.617 16867 17103 D SemCamera-JNI-Java: handleMessage: 16
10-07 01:15:19.639 16867 17103 D SemCamera-JNI-Java: handleMessage: 16
10-07 01:15:19.683 16867 17103 D SemCamera-JNI-Java: handleMessage: 16
10-07 01:15:19.719 16867 17103 I SemCamera-JNI-Java: BRIGHTNESS_VALUE(-0.3359375)
10-07 01:15:19.723 16867 17103 D SemCamera-JNI-Java: handleMessage: 16
10-07 01:15:19.764 16867 17103 D SemCamera-JNI-Java: handleMessage: 16
10-07 01:15:19.817 16867 17103 D SemCamera-JNI-Java: handleMessage: 16
10-07 01:15:19.851 16867 17103 D SemCamera-JNI-Java: handleMessage: 16
10-07 01:15:19.892 16867 17103 D SemCamera-JNI-Java: handleMessage: 16
10-07 01:15:19.949 16867 17103 D SemCamera-JNI-Java: handleMessage: 16
10-07 01:15:19.951 16867 17103 I SemCamera-JNI-Java: BRIGHTNESS_VALUE(-0.25390625)
10-07 01:15:19.974 16867 17103 D SemCamera-JNI-Java: handleMessage: 16
10-07 01:15:20.020 16867 17103 D SemCamera-JNI-Java: handleMessage: 16
10-07 01:15:20.060 16867 17103 D SemCamera-JNI-Java: handleMessage: 16
10-07 01:15:20.160 16867 17103 I SemCamera-JNI-Java: BRIGHTNESS_VALUE(-0.28515625)
10-07 01:15:20.178 16867 17103 D SemCamera-JNI-Java: handleMessage: 16
10-07 01:15:20.184 16867 17103 D SemCamera-JNI-Java: handleMessage: 16
10-07 01:15:20.194 16867 17103 D SemCamera-JNI-Java: handleMessage: 16
10-07 01:15:20.223 16867 17103 D SemCamera-JNI-Java: handleMessage: 16
10-07 01:15:20.271 16867 17103 D SemCamera-JNI-Java: handleMessage: 16
10-07 01:15:20.305 16867 17103 D SemCamera-JNI-Java: handleMessage: 16
10-07 01:15:20.351 16867 17103 D SemCamera-JNI-Java: handleMessage: 16
10-07 01:15:20.387 16867 17103 D SemCamera-JNI-Java: handleMessage: 16
10-07 01:15:20.391 16867 17103 I SemCamera-JNI-Java: BRIGHTNESS_VALUE(0.015625)
10-07 01:15:20.435 16867 17103 D SemCamera-JNI-Java: handleMessage: 16
10-07 01:15:20.471 16867 17103 D SemCamera-JNI-Java: handleMessage: 16
10-07 01:15:20.519 16867 17103 D SemCamera-JNI-Java: handleMessage: 16
10-07 01:15:20.548 16867 17103 D SemCamera-JNI-Java: handleMessage: 16
10-07 01:15:20.580 16867 17103 D SemCamera-JNI-Java: handleMessage: 16
10-07 01:15:20.610 16867 17103 I SemCamera-JNI-Java: BRIGHTNESS_VALUE(0.41796875)
10-07 01:15:20.614 16867 17103 D SemCamera-JNI-Java: handleMessage: 16
10-07 01:15:20.652 16867 17103 D SemCamera-JNI-Java: handleMessage: 16
10-07 01:15:20.684 16867 17103 D SemCamera-JNI-Java: handleMessage: 16
10-07 01:15:20.719 16867 17103 D SemCamera-JNI-Java: handleMessage: 16
10-07 01:15:20.755 16867 17103 D SemCamera-JNI-Java: handleMessage: 16
10-07 01:15:20.807 16867 17103 D SemCamera-JNI-Java: handleMessage: 16
10-07 01:15:20.822 16867 17103 D SemCamera-JNI-Java: handleMessage: 16
10-07 01:15:20.824 16867 17103 I SemCamera-JNI-Java: BRIGHTNESS_VALUE(0.59375)
10-07 01:15:20.865 16867 17103 D SemCamera-JNI-Java: handleMessage: 16
10-07 01:15:20.890 16867 17103 D SemCamera-JNI-Java: handleMessage: 16
10-07 01:15:20.943 16867 17103 D SemCamera-JNI-Java: handleMessage: 16
10-07 01:15:20.947 16867 16889 D SemCamera-JNI-Java: postEventFromNative: 4
10-07 01:15:20.948 16867 17103 D SemCamera-JNI-Java: handleMessage: 4
10-07 01:15:20.948 16867 17103 V AeAfManagerImpl: onAutoFocus : FOCUSING(3)
10-07 01:15:20.957 16867 17103 D SemCamera-JNI-Java: handleMessage: 16
10-07 01:15:20.993 16867 17103 D SemCamera-JNI-Java: handleMessage: 16
10-07 01:15:21.025 16867 17103 D SemCamera-JNI-Java: handleMessage: 16
10-07 01:15:21.046 16867 17103 I SemCamera-JNI-Java: BRIGHTNESS_VALUE(0.58203125)
10-07 01:15:21.068 16867 17103 D SemCamera-JNI-Java: handleMessage: 16
10-07 01:15:21.078 16867 17329 D SemCamera-JNI-Java: postEventFromNative: 4
10-07 01:15:21.078 16867 17103 D SemCamera-JNI-Java: handleMessage: 4
10-07 01:15:21.078 16867 17103 V AeAfManagerImpl: onAutoFocus : SUCCESS(1)
10-07 01:15:21.087 16867 17103 D SemCamera-JNI-Java: handleMessage: 16
10-07 01:15:21.122 16867 17103 D SemCamera-JNI-Java: handleMessage: 16
10-07 01:15:21.167 16867 17103 D SemCamera-JNI-Java: handleMessage: 16
10-07 01:15:21.189 16867 17103 D SemCamera-JNI-Java: handleMessage: 16
10-07 01:15:21.225 16867 17103 D SemCamera-JNI-Java: handleMessage: 16
10-07 01:15:21.249 16867 17103 I SemCamera-JNI-Java: BRIGHTNESS_VALUE(0.57421875)
10-07 01:15:21.283 16867 17103 D SemCamera-JNI-Java: handleMessage: 16
10-07 01:15:21.289 16867 17103 D SemCamera-JNI-Java: handleMessage: 16
10-07 01:15:21.326 16867 17103 D SemCamera-JNI-Java: handleMessage: 16
10-07 01:15:21.354 16867 17103 D CallbackManager: onLightConditionChanged : lightCondition =2
10-07 01:15:21.358 16867 17103 D SemCamera-JNI-Java: handleMessage: 16
10-07 01:15:21.364 16867 17103 I SemCamera-JNI-Java: SINGLE_SHOT_QRCODE_DETECT_EXTENDED
10-07 01:15:21.364 16867 17103 V Auto    : onHandleMessage: 0
10-07 01:15:21.395 16867 17103 D SemCamera-JNI-Java: handleMessage: 16
10-07 01:15:21.416 16867 17329 D SemCamera-JNI-Java: postEventFromNative: 4
10-07 01:15:21.417 16867 17103 D SemCamera-JNI-Java: handleMessage: 4
10-07 01:15:21.417 16867 17103 V AeAfManagerImpl: onAutoFocus : FOCUSING(3)
10-07 01:15:21.427 16867 17103 D SemCamera-JNI-Java: handleMessage: 16
10-07 01:15:21.451 16867 17103 I SemCamera-JNI-Java: BRIGHTNESS_VALUE(0.609375)
10-07 01:15:21.469 16867 17103 D SemCamera-JNI-Java: handleMessage: 16
10-07 01:15:21.492 16867 17103 D SemCamera-JNI-Java: handleMessage: 16
10-07 01:15:21.529 16867 17103 D SemCamera-JNI-Java: handleMessage: 16
10-07 01:15:21.550 16867 17329 D SemCamera-JNI-Java: postEventFromNative: 4
10-07 01:15:21.550 16867 17103 D SemCamera-JNI-Java: handleMessage: 4
10-07 01:15:21.550 16867 17103 V AeAfManagerImpl: onAutoFocus : SUCCESS(1)
10-07 01:15:21.562 16867 17103 D SemCamera-JNI-Java: handleMessage: 16
10-07 01:15:21.619 16867 17103 D SemCamera-JNI-Java: handleMessage: 16
10-07 01:15:21.630 16867 17103 D SemCamera-JNI-Java: handleMessage: 16
10-07 01:15:21.655 16867 17103 I SemCamera-JNI-Java: BRIGHTNESS_VALUE(0.625)
10-07 01:15:21.669 16867 17103 D SemCamera-JNI-Java: handleMessage: 16
10-07 01:15:21.694 16867 17103 D SemCamera-JNI-Java: handleMessage: 16
10-07 01:15:21.729 16867 17103 D SemCamera-JNI-Java: handleMessage: 16
10-07 01:15:21.760 16867 17103 D SemCamera-JNI-Java: handleMessage: 16
10-07 01:15:21.794 16867 17103 I SemCamera-JNI-Java: SINGLE_SHOT_QRCODE_DETECT_EXTENDED
10-07 01:15:21.794 16867 17103 V Auto    : onHandleMessage: 0
10-07 01:15:21.802 16867 17103 D SemCamera-JNI-Java: handleMessage: 16
10-07 01:15:21.832 16867 17103 D SemCamera-JNI-Java: handleMessage: 16
10-07 01:15:21.855 16867 17103 I SemCamera-JNI-Java: BRIGHTNESS_VALUE(0.65625)
10-07 01:15:21.880 16867 17103 D SemCamera-JNI-Java: handleMessage: 16
10-07 01:15:21.902 16867 17103 D SemCamera-JNI-Java: handleMessage: 16
10-07 01:15:21.935 16867 17103 D SemCamera-JNI-Java: handleMessage: 16
10-07 01:15:21.967 16867 17103 D SemCamera-JNI-Java: handleMessage: 16
10-07 01:15:22.012 16867 17103 D SemCamera-JNI-Java: handleMessage: 16
10-07 01:15:22.045 16867 17103 D SemCamera-JNI-Java: handleMessage: 16
10-07 01:15:22.055 16867 17103 I SemCamera-JNI-Java: BRIGHTNESS_VALUE(0.6640625)
10-07 01:15:22.077 16867 17103 D SemCamera-JNI-Java: handleMessage: 16
10-07 01:15:22.098 16867 17103 D SemCamera-JNI-Java: handleMessage: 16
10-07 01:15:22.137 16867 17103 D SemCamera-JNI-Java: handleMessage: 16
10-07 01:15:22.173 16867 17103 D SemCamera-JNI-Java: handleMessage: 16
10-07 01:15:22.224 16867 17103 D SemCamera-JNI-Java: handleMessage: 16
10-07 01:15:22.242 16867 17103 D SemCamera-JNI-Java: handleMessage: 16
10-07 01:15:22.263 16867 17103 I SemCamera-JNI-Java: BRIGHTNESS_VALUE(0.66796875)
10-07 01:15:22.281 16867 17103 D SemCamera-JNI-Java: handleMessage: 16
10-07 01:15:22.299 16867 17103 D SemCamera-JNI-Java: handleMessage: 16
10-07 01:15:22.310 16867 17103 I SemCamera-JNI-Java: SINGLE_SHOT_QRCODE_DETECT_EXTENDED
10-07 01:15:22.311 16867 17103 V Auto    : onHandleMessage: 0
10-07 01:15:22.338 16867 17103 D SemCamera-JNI-Java: handleMessage: 16
10-07 01:15:22.368 16867 17103 D SemCamera-JNI-Java: handleMessage: 16
10-07 01:15:22.411 16867 17103 D SemCamera-JNI-Java: handleMessage: 16
10-07 01:15:22.434 16867 17103 D SemCamera-JNI-Java: handleMessage: 16
10-07 01:15:22.481 16867 17103 D SemCamera-JNI-Java: handleMessage: 16
10-07 01:15:22.504 16867 17103 D SemCamera-JNI-Java: handleMessage: 16
10-07 01:15:22.548 16867 17103 D SemCamera-JNI-Java: handleMessage: 16
10-07 01:15:22.592 16867 17103 D SemCamera-JNI-Java: handleMessage: 16
10-07 01:15:22.617 16867 17103 D SemCamera-JNI-Java: handleMessage: 16
10-07 01:15:22.636 16867 17103 D SemCamera-JNI-Java: handleMessage: 16
10-07 01:15:22.655 16867 16887 I roid.app.camer: Background concurrent copying GC freed 112(47KB) AllocSpace objects, 5(11MB) LOS objects, 49% free, 9MB/19MB, paused 7.599ms total 79.944ms
10-07 01:15:22.684 16867 17103 D SemCamera-JNI-Java: handleMessage: 16
10-07 01:15:22.708 16867 17103 D SemCamera-JNI-Java: handleMessage: 16
10-07 01:15:22.709 16867 17103 I SemCamera-JNI-Java: BRIGHTNESS_VALUE(0.66015625)
10-07 01:15:22.739 16867 17103 D SemCamera-JNI-Java: handleMessage: 16
10-07 01:15:22.777 16867 17103 D SemCamera-JNI-Java: handleMessage: 16
10-07 01:15:22.836 16867 17103 D SemCamera-JNI-Java: handleMessage: 16
10-07 01:15:22.839 16867 17103 I SemCamera-JNI-Java: SINGLE_SHOT_QRCODE_DETECT_EXTENDED
10-07 01:15:22.839 16867 17103 V Auto    : onHandleMessage: 0
10-07 01:15:22.888 16867 17103 D SemCamera-JNI-Java: handleMessage: 16
10-07 01:15:22.909 16867 17103 D SemCamera-JNI-Java: handleMessage: 16
10-07 01:15:22.918 16867 16887 I roid.app.camer: Background concurrent copying GC freed 158(63KB) AllocSpace objects, 7(15MB) LOS objects, 49% free, 9MB/19MB, paused 153us total 104.095ms
10-07 01:15:22.932 16867 17103 I SemCamera-JNI-Java: BRIGHTNESS_VALUE(0.7265625)
10-07 01:15:22.946 16867 17103 D SemCamera-JNI-Java: handleMessage: 16
10-07 01:15:22.966 16867 16889 D SemCamera-JNI-Java: postEventFromNative: 4
10-07 01:15:22.967 16867 17103 D SemCamera-JNI-Java: handleMessage: 4
10-07 01:15:22.967 16867 17103 V AeAfManagerImpl: onAutoFocus : CANCELED(2)
10-07 01:15:22.979 16867 17103 D SemCamera-JNI-Java: handleMessage: 16
10-07 01:15:23.009 16867 17103 D SemCamera-JNI-Java: handleMessage: 16
10-07 01:15:23.048 16867 17103 D SemCamera-JNI-Java: handleMessage: 16
10-07 01:15:23.107 16867 17103 D SemCamera-JNI-Java: handleMessage: 16
10-07 01:15:23.130 16867 17103 D SemCamera-JNI-Java: handleMessage: 16
10-07 01:15:23.166 16867 17103 D SemCamera-JNI-Java: handleMessage: 16
10-07 01:15:23.187 16867 17103 D SemCamera-JNI-Java: handleMessage: 16
10-07 01:15:23.189 16867 16889 D SemCamera-JNI-Java: postEventFromNative: 4
10-07 01:15:23.190 16867 17103 I SemCamera-JNI-Java: BRIGHTNESS_VALUE(0.703125)
10-07 01:15:23.190 16867 17103 D SemCamera-JNI-Java: handleMessage: 4
10-07 01:15:23.190 16867 17103 V AeAfManagerImpl: onAutoFocus : FOCUSING(3)
10-07 01:15:23.207 16867 17103 D SemCamera-JNI-Java: handleMessage: 16
10-07 01:15:23.216 16867 16887 I roid.app.camer: Background concurrent copying GC freed 209(62KB) AllocSpace objects, 7(15MB) LOS objects, 49% free, 14MB/28MB, paused 2.303ms total 133.129ms
10-07 01:15:23.242 16867 17103 D SemCamera-JNI-Java: handleMessage: 16
10-07 01:15:23.282 16867 17103 D SemCamera-JNI-Java: handleMessage: 16
10-07 01:15:23.302 16867 17577 D SemCamera-JNI-Java: postEventFromNative: 4
10-07 01:15:23.302 16867 17103 D SemCamera-JNI-Java: handleMessage: 4
10-07 01:15:23.302 16867 17103 V AeAfManagerImpl: onAutoFocus : SUCCESS(1)
10-07 01:15:23.315 16867 17103 D SemCamera-JNI-Java: handleMessage: 16
10-07 01:15:23.336 16867 17329 D SemCamera-JNI-Java: postEventFromNative: 4
10-07 01:15:23.336 16867 17103 D SemCamera-JNI-Java: handleMessage: 4
10-07 01:15:23.336 16867 17103 V AeAfManagerImpl: onAutoFocus : CANCELED(2)
10-07 01:15:23.349 16867 17103 D SemCamera-JNI-Java: handleMessage: 16
10-07 01:15:23.377 16867 17103 D SemCamera-JNI-Java: handleMessage: 16
10-07 01:15:23.398 16867 17103 D CallbackManager: onLightConditionChanged : lightCondition =0
10-07 01:15:23.399 16867 17103 I SemCamera-JNI-Java: BRIGHTNESS_VALUE(0.6171875)
10-07 01:15:23.418 16867 17103 D SemCamera-JNI-Java: handleMessage: 16
10-07 01:15:23.458 16867 17103 D SemCamera-JNI-Java: handleMessage: 16
10-07 01:15:23.483 16867 17103 D SemCamera-JNI-Java: handleMessage: 16
10-07 01:15:23.513 16867 17103 D SemCamera-JNI-Java: handleMessage: 16
10-07 01:15:23.555 16867 17103 D SemCamera-JNI-Java: handleMessage: 16
10-07 01:15:23.581 16867 17103 D SemCamera-JNI-Java: handleMessage: 16
10-07 01:15:23.600 16867 17103 I SemCamera-JNI-Java: BRIGHTNESS_VALUE(0.66015625)
10-07 01:15:23.621 16867 17103 D SemCamera-JNI-Java: handleMessage: 16
10-07 01:15:23.652 16867 17103 D SemCamera-JNI-Java: handleMessage: 16
10-07 01:15:23.687 16867 17103 D SemCamera-JNI-Java: handleMessage: 16
10-07 01:15:23.712 16867 17103 D SemCamera-JNI-Java: handleMessage: 16
10-07 01:15:23.750 16867 17103 D SemCamera-JNI-Java: handleMessage: 16
10-07 01:15:23.780 16867 17103 D SemCamera-JNI-Java: handleMessage: 16
10-07 01:15:23.809 16867 17103 I SemCamera-JNI-Java: BRIGHTNESS_VALUE(0.703125)
10-07 01:15:23.820 16867 17103 D SemCamera-JNI-Java: handleMessage: 16
10-07 01:15:23.855 16867 17103 D SemCamera-JNI-Java: handleMessage: 16
10-07 01:15:23.889 16867 17103 D SemCamera-JNI-Java: handleMessage: 16
10-07 01:15:23.918 16867 17103 D SemCamera-JNI-Java: handleMessage: 16
10-07 01:15:23.943  1448  1552 D InputDispatcher: Focus left window (16867): 796b662 0
10-07 01:15:23.948 16867 17103 D SemCamera-JNI-Java: handleMessage: 16
10-07 01:15:23.982 16867 17103 D SemCamera-JNI-Java: handleMessage: 16
10-07 01:15:24.013 16867 17103 D SemCamera-JNI-Java: handleMessage: 16
10-07 01:15:24.053 16867 17103 D SemCamera-JNI-Java: handleMessage: 16
10-07 01:15:24.059 16867 17103 I SemCamera-JNI-Java: BRIGHTNESS_VALUE(0.81640625)
10-07 01:15:24.090 16867 17103 D SemCamera-JNI-Java: handleMessage: 16
10-07 01:15:24.118 16867 17103 D SemCamera-JNI-Java: handleMessage: 16
10-07 01:15:24.169   705   705 I SurfaceFlinger:      Device | 0x723ed71d00 | 0002 | 0x0000011 |   0.0    0.0 1440.0 1080.0 |    0  262 1080 1702 | SurfaceView - com.sec.android.app.ca[...]app.camera.Camera@3601784@0[16867]#0
10-07 01:15:24.169   705   705 I SurfaceFlinger:      Device | 0x723f370b80 | 0000 | RGBA_8888 |   0.0    0.0 1080.0 2220.0 |    0    0 1080 2220 | SurfaceView - com.sec.android.app.ca[...]app.camera.Camera@dfdfaab@0[16867]#0
10-07 01:15:24.185 16867 17103 D SemCamera-JNI-Java: handleMessage: 16
10-07 01:15:24.186   705   705 I SurfaceFlinger:      Device | 0x723ed71d00 | 0002 | 0x0000011 |   0.0    0.0 1440.0 1080.0 |    0  262 1080 1702 | SurfaceView - com.sec.android.app.ca[...]app.camera.Camera@3601784@0[16867]#0
10-07 01:15:24.186   705   705 I SurfaceFlinger:      Device | 0x723f370b80 | 0000 | RGBA_8888 |   0.0    0.0 1080.0 2220.0 |    0    0 1080 2220 | SurfaceView - com.sec.android.app.ca[...]app.camera.Camera@dfdfaab@0[16867]#0
10-07 01:15:24.203 16867 17103 D SemCamera-JNI-Java: handleMessage: 16
10-07 01:15:24.224 16867 17103 D SemCamera-JNI-Java: handleMessage: 16
10-07 01:15:24.257 16867 17103 D SemCamera-JNI-Java: handleMessage: 16
10-07 01:15:24.273 16867 17103 I SemCamera-JNI-Java: BRIGHTNESS_VALUE(0.9296875)
10-07 01:15:24.292 16867 17103 D SemCamera-JNI-Java: handleMessage: 16
10-07 01:15:24.315 16867 17103 D SemCamera-JNI-Java: handleMessage: 16
10-07 01:15:24.339 16867 17577 D SemCamera-JNI-Java: postEventFromNative: 4
10-07 01:15:24.339 16867 17103 D SemCamera-JNI-Java: handleMessage: 4
10-07 01:15:24.339 16867 17103 V AeAfManagerImpl: onAutoFocus : FOCUSING(3)
10-07 01:15:24.351 16867 17103 D SemCamera-JNI-Java: handleMessage: 16
10-07 01:15:24.386 16867 17103 D SemCamera-JNI-Java: handleMessage: 16
10-07 01:15:24.422 16867 17103 D SemCamera-JNI-Java: handleMessage: 16
10-07 01:15:24.456 16867 17103 D SemCamera-JNI-Java: handleMessage: 16
10-07 01:15:24.472 16867 17329 D SemCamera-JNI-Java: postEventFromNative: 4
10-07 01:15:24.472 16867 17103 D SemCamera-JNI-Java: handleMessage: 4
10-07 01:15:24.472 16867 17103 V AeAfManagerImpl: onAutoFocus : SUCCESS(1)
10-07 01:15:24.493 16867 17103 D SemCamera-JNI-Java: handleMessage: 16
10-07 01:15:24.514 16867 17103 I SemCamera-JNI-Java: BRIGHTNESS_VALUE(0.89453125)
10-07 01:15:24.524 16867 17103 D SemCamera-JNI-Java: handleMessage: 16
10-07 01:15:24.538  2512  5801 D ProcessObserver_FLP: onForegroundActivities changed, 16867/10068/false
10-07 01:15:24.551 16867 17103 D SemCamera-JNI-Java: handleMessage: 16
10-07 01:15:24.591 16867 17103 D SemCamera-JNI-Java: handleMessage: 16
10-07 01:15:24.617 16867 17103 D SemCamera-JNI-Java: handleMessage: 16
10-07 01:15:24.650 16867 17103 D SemCamera-JNI-Java: handleMessage: 16
10-07 01:15:24.694 16867 17103 D SemCamera-JNI-Java: handleMessage: 16
10-07 01:15:24.716 16867 17103 I SemCamera-JNI-Java: BRIGHTNESS_VALUE(0.9765625)
10-07 01:15:24.748 16867 17103 D SemCamera-JNI-Java: handleMessage: 16
10-07 01:15:24.788 16867 17103 D SemCamera-JNI-Java: handleMessage: 16
10-07 01:15:24.811 16867 17329 D SemCamera-JNI-Java: postEventFromNative: 4
10-07 01:15:24.812 16867 17103 D SemCamera-JNI-Java: handleMessage: 4
10-07 01:15:24.812 16867 17103 V AeAfManagerImpl: onAutoFocus : CANCELED(2)
10-07 01:15:24.824 16867 17103 D SemCamera-JNI-Java: handleMessage: 16
10-07 01:15:24.853 16867 17103 D SemCamera-JNI-Java: handleMessage: 16
10-07 01:15:24.887 16867 17103 D SemCamera-JNI-Java: handleMessage: 16
10-07 01:15:24.934 16867 17103 D SemCamera-JNI-Java: handleMessage: 16
10-07 01:15:24.935 16867 17103 I SemCamera-JNI-Java: BRIGHTNESS_VALUE(0.99609375)
10-07 01:15:24.949 16867 17103 D SemCamera-JNI-Java: handleMessage: 16
10-07 01:15:25.000 16867 17103 D SemCamera-JNI-Java: handleMessage: 16
10-07 01:15:25.031 16867 17103 D SemCamera-JNI-Java: handleMessage: 16
10-07 01:15:25.055 16867 17103 D SemCamera-JNI-Java: handleMessage: 16
10-07 01:15:25.084 16867 17103 D SemCamera-JNI-Java: handleMessage: 16
10-07 01:15:25.124 16867 17103 D SemCamera-JNI-Java: handleMessage: 16
10-07 01:15:25.154 16867 17103 D SemCamera-JNI-Java: handleMessage: 16
10-07 01:15:25.157 16867 17103 I SemCamera-JNI-Java: BRIGHTNESS_VALUE(0.23828125)
10-07 01:15:25.192 16867 17103 D SemCamera-JNI-Java: handleMessage: 16
10-07 01:15:25.222 16867 17103 D SemCamera-JNI-Java: handleMessage: 16
10-07 01:15:25.255 16867 17103 D SemCamera-JNI-Java: handleMessage: 16
10-07 01:15:25.309 16867 17103 D SemCamera-JNI-Java: handleMessage: 16
10-07 01:15:25.338 16867 17103 D SemCamera-JNI-Java: handleMessage: 16
10-07 01:15:25.363 16867 17103 D SemCamera-JNI-Java: handleMessage: 16
10-07 01:15:25.364 16867 17103 I SemCamera-JNI-Java: BRIGHTNESS_VALUE(-0.25390625)
10-07 01:15:25.395 16867 17103 D SemCamera-JNI-Java: handleMessage: 16
10-07 01:15:25.443 16867 17103 D SemCamera-JNI-Java: handleMessage: 16
10-07 01:15:25.482 16867 17103 D SemCamera-JNI-Java: handleMessage: 16
10-07 01:15:25.519 16867 17103 D SemCamera-JNI-Java: handleMessage: 16
10-07 01:15:25.565 16867 17103 D SemCamera-JNI-Java: handleMessage: 16
10-07 01:15:25.566 16867 17103 I SemCamera-JNI-Java: BRIGHTNESS_VALUE(-0.9921875)
10-07 01:15:25.566 16867 17103 E SemCamera-JNI-Java: METADATA_BURSTSHOT_FPS_CHANGED(10)
10-07 01:15:25.566 16867 17103 D BurstCaptureController: onBurstShotFpsChanged : burstShotFps=10
10-07 01:15:25.610 16867 17103 D SemCamera-JNI-Java: handleMessage: 16
10-07 01:15:25.649 16867 17103 D SemCamera-JNI-Java: handleMessage: 16
10-07 01:15:25.694 16867 17103 D SemCamera-JNI-Java: handleMessage: 16
10-07 01:15:25.742 16867 17103 D SemCamera-JNI-Java: handleMessage: 16
10-07 01:15:25.784 16867 17103 D SemCamera-JNI-Java: handleMessage: 16
10-07 01:15:25.789 16867 17103 I SemCamera-JNI-Java: BRIGHTNESS_VALUE(-1.3242188)
10-07 01:15:25.816 16867 17103 D SemCamera-JNI-Java: handleMessage: 16
10-07 01:15:25.851 16867 16887 I roid.app.camer: Background concurrent copying GC freed 187(63KB) AllocSpace objects, 7(15MB) LOS objects, 50% free, 9MB/19MB, paused 394us total 118.543ms
10-07 01:15:25.863 16867 17103 D SemCamera-JNI-Java: handleMessage: 16
10-07 01:15:25.901 16867 17103 D SemCamera-JNI-Java: handleMessage: 16
10-07 01:15:25.902 16867 17329 D SemCamera-JNI-Java: postEventFromNative: 4
10-07 01:15:25.902 16867 17103 D SemCamera-JNI-Java: handleMessage: 4
10-07 01:15:25.902 16867 17103 V AeAfManagerImpl: onAutoFocus : FOCUSING(3)
10-07 01:15:25.944 16867 17103 D SemCamera-JNI-Java: handleMessage: 16
10-07 01:15:25.979 16867 17103 D SemCamera-JNI-Java: handleMessage: 16
10-07 01:15:26.029 16867 17103 D SemCamera-JNI-Java: handleMessage: 16
10-07 01:15:26.030 16867 17103 I SemCamera-JNI-Java: BRIGHTNESS_VALUE(-0.84765625)
10-07 01:15:26.075 16867 17103 D SemCamera-JNI-Java: handleMessage: 16
10-07 01:15:26.120 16867 17103 D SemCamera-JNI-Java: handleMessage: 16
10-07 01:15:26.122 16867 17103 E SemCamera-JNI-Java: METADATA_BURSTSHOT_FPS_CHANGED(20)
10-07 01:15:26.122 16867 17103 D BurstCaptureController: onBurstShotFpsChanged : burstShotFps=20
10-07 01:15:26.124 16867 17577 D SemCamera-JNI-Java: postEventFromNative: 4
10-07 01:15:26.124 16867 17103 D SemCamera-JNI-Java: handleMessage: 4
10-07 01:15:26.124 16867 17103 V AeAfManagerImpl: onAutoFocus : SUCCESS(1)
10-07 01:15:26.150 16867 17103 D SemCamera-JNI-Java: handleMessage: 16
10-07 01:15:26.153 16867 17577 D SemCamera-JNI-Java: postEventFromNative: 4
10-07 01:15:26.154 16867 17103 D SemCamera-JNI-Java: handleMessage: 4
10-07 01:15:26.154 16867 17103 V AeAfManagerImpl: onAutoFocus : CANCELED(2)
10-07 01:15:26.190 16867 17103 D SemCamera-JNI-Java: handleMessage: 16
10-07 01:15:26.238 16867 17103 D SemCamera-JNI-Java: handleMessage: 16
10-07 01:15:26.242 16867 17103 I SemCamera-JNI-Java: BRIGHTNESS_VALUE(-0.54296875)
10-07 01:15:26.275 16867 17103 D SemCamera-JNI-Java: handleMessage: 16
10-07 01:15:26.319 16867 17103 D SemCamera-JNI-Java: handleMessage: 16
10-07 01:15:26.386 16867 17103 D SemCamera-JNI-Java: handleMessage: 16
10-07 01:15:26.412 16867 17103 D SemCamera-JNI-Java: handleMessage: 16
10-07 01:15:26.440 16867 17103 D SemCamera-JNI-Java: handleMessage: 16
10-07 01:15:26.443 16867 17103 I SemCamera-JNI-Java: BRIGHTNESS_VALUE(-0.5625)
10-07 01:15:26.490 16867 17103 D SemCamera-JNI-Java: handleMessage: 16
10-07 01:15:26.525 16867 17103 D SemCamera-JNI-Java: handleMessage: 16
10-07 01:15:26.571 16867 17103 D SemCamera-JNI-Java: handleMessage: 16
10-07 01:15:26.610 16867 17103 D SemCamera-JNI-Java: handleMessage: 16
10-07 01:15:26.704 16867 17103 I SemCamera-JNI-Java: BRIGHTNESS_VALUE(-0.75390625)
10-07 01:15:26.706 16867 17103 D SemCamera-JNI-Java: handleMessage: 16
10-07 01:15:26.738 16867 17103 D SemCamera-JNI-Java: handleMessage: 16
10-07 01:15:26.776 16867 17103 D SemCamera-JNI-Java: handleMessage: 16
10-07 01:15:26.842 16867 17103 D SemCamera-JNI-Java: handleMessage: 16
10-07 01:15:26.868 16867 17103 D SemCamera-JNI-Java: handleMessage: 16
10-07 01:15:26.869 16867 17103 I SemCamera-JNI-Java: BRIGHTNESS_VALUE(-0.87109375)
10-07 01:15:26.905 16867 17103 D SemCamera-JNI-Java: handleMessage: 16
10-07 01:15:26.950 16867 17103 D SemCamera-JNI-Java: handleMessage: 16
10-07 01:15:26.951 16867 16888 D SemCamera-JNI-Java: postEventFromNative: 4
10-07 01:15:26.952 16867 17103 D SemCamera-JNI-Java: handleMessage: 4
10-07 01:15:26.952 16867 17103 V AeAfManagerImpl: onAutoFocus : FOCUSING(3)
10-07 01:15:26.988 16867 17103 D SemCamera-JNI-Java: handleMessage: 16
10-07 01:15:27.048 16867 17103 D SemCamera-JNI-Java: handleMessage: 16
10-07 01:15:27.071 16867 17103 I SemCamera-JNI-Java: BRIGHTNESS_VALUE(-0.81640625)
10-07 01:15:27.075 16867 17103 D SemCamera-JNI-Java: handleMessage: 16
10-07 01:15:27.116 16867 17103 D SemCamera-JNI-Java: handleMessage: 16
10-07 01:15:27.119 16867 17103 E SemCamera-JNI-Java: METADATA_BURSTSHOT_FPS_CHANGED(10)
10-07 01:15:27.121 16867 17103 D BurstCaptureController: onBurstShotFpsChanged : burstShotFps=10
10-07 01:15:27.122 16867 16888 D SemCamera-JNI-Java: postEventFromNative: 4
10-07 01:15:27.125 16867 17103 D SemCamera-JNI-Java: handleMessage: 4
10-07 01:15:27.125 16867 17103 V AeAfManagerImpl: onAutoFocus : SUCCESS(1)
10-07 01:15:27.172 16867 17103 D SemCamera-JNI-Java: handleMessage: 16
10-07 01:15:27.200 16867 17103 D SemCamera-JNI-Java: handleMessage: 16
10-07 01:15:27.206 16867 17329 D SemCamera-JNI-Java: postEventFromNative: 4
10-07 01:15:27.206 16867 17103 D SemCamera-JNI-Java: handleMessage: 4
10-07 01:15:27.206 16867 17103 V AeAfManagerImpl: onAutoFocus : CANCELED(2)
10-07 01:15:27.241 16867 17103 D SemCamera-JNI-Java: handleMessage: 16
10-07 01:15:27.301 16867 17103 D SemCamera-JNI-Java: handleMessage: 16
10-07 01:15:27.308 16867 17103 I SemCamera-JNI-Java: BRIGHTNESS_VALUE(-1.8671875)
10-07 01:15:27.325 16867 17103 D SemCamera-JNI-Java: handleMessage: 16
10-07 01:15:27.326 16867 17577 D SemCamera-JNI-Java: postEventFromNative: 4
10-07 01:15:27.326 16867 17103 D SemCamera-JNI-Java: handleMessage: 4
10-07 01:15:27.326 16867 17103 V AeAfManagerImpl: onAutoFocus : FOCUSING(3)
10-07 01:15:27.375 16867 17103 D SemCamera-JNI-Java: handleMessage: 16
10-07 01:15:27.408 16867 17103 D SemCamera-JNI-Java: handleMessage: 16
10-07 01:15:27.450 16867 17103 D SemCamera-JNI-Java: handleMessage: 16
10-07 01:15:27.490 16867 17103 D SemCamera-JNI-Java: handleMessage: 16
10-07 01:15:27.495 16867 17103 D CallbackManager: onLightConditionChanged : lightCondition =1
10-07 01:15:27.530 16867 17103 D SemCamera-JNI-Java: handleMessage: 16
10-07 01:15:27.533 16867 17103 I SemCamera-JNI-Java: BRIGHTNESS_VALUE(-3.8398438)
10-07 01:15:27.533 16867 17577 D SemCamera-JNI-Java: postEventFromNative: 4
10-07 01:15:27.534 16867 17103 D SemCamera-JNI-Java: handleMessage: 4
10-07 01:15:27.534 16867 17103 V AeAfManagerImpl: onAutoFocus : SUCCESS(1)
10-07 01:15:27.580 16867 17103 D SemCamera-JNI-Java: handleMessage: 16
10-07 01:15:27.581 16867 17329 D SemCamera-JNI-Java: postEventFromNative: 4
10-07 01:15:27.581 16867 17103 D SemCamera-JNI-Java: handleMessage: 4
10-07 01:15:27.581 16867 17103 V AeAfManagerImpl: onAutoFocus : CANCELED(2)
10-07 01:15:27.617 16867 17103 D SemCamera-JNI-Java: handleMessage: 16
10-07 01:15:27.656 16867 17103 D SemCamera-JNI-Java: handleMessage: 16
10-07 01:15:27.702 16867 17103 D SemCamera-JNI-Java: handleMessage: 16
10-07 01:15:27.703 16867 17329 D SemCamera-JNI-Java: postEventFromNative: 4
10-07 01:15:27.703 16867 17103 D SemCamera-JNI-Java: handleMessage: 4
10-07 01:15:27.703 16867 17103 V AeAfManagerImpl: onAutoFocus : FOCUSING(3)
10-07 01:15:27.745 16867 17103 D SemCamera-JNI-Java: handleMessage: 16
10-07 01:15:27.747 16867 17103 I SemCamera-JNI-Java: BRIGHTNESS_VALUE(-3.328125)
10-07 01:15:27.758 17514 17514 E dumpstate: Error opening file descriptor for /proc/16867/integrity/value: No such file or directory
10-07 01:15:27.758 17514 17514 E dumpstate: Error opening file descriptor for /proc/16867/integrity/label: No such file or directory
10-07 01:15:27.758 17514 17514 E dumpstate: Error opening file descriptor for /proc/16867/integrity/reset_file: No such file or directory
10-07 01:15:27.758 17514 17514 E dumpstate: Error opening file descriptor for /proc/16867/integrity/reset_cause: No such file or directory
10-07 01:15:27.783 16867 17103 D SemCamera-JNI-Java: handleMessage: 16
10-07 01:15:27.790 17514 17514 E dumpstate: Error opening file descriptor for /proc/16867/integrity/value: No such file or directory
10-07 01:15:27.824 16867 17103 D SemCamera-JNI-Java: handleMessage: 16
10-07 01:15:27.867 16867 17103 D SemCamera-JNI-Java: handleMessage: 16
10-07 01:15:27.879 16867 17577 D SemCamera-JNI-Java: postEventFromNative: 4
10-07 01:15:27.880 16867 17103 D SemCamera-JNI-Java: handleMessage: 4
10-07 01:15:27.880 16867 17103 V AeAfManagerImpl: onAutoFocus : SUCCESS(1)
10-07 01:15:27.911 16867 17103 D SemCamera-JNI-Java: handleMessage: 16
10-07 01:15:27.960 16867 17103 D SemCamera-JNI-Java: handleMessage: 16
10-07 01:15:27.962 16867 17103 I SemCamera-JNI-Java: BRIGHTNESS_VALUE(-3.296875)
10-07 01:15:27.990 16867 17103 D SemCamera-JNI-Java: handleMessage: 16
10-07 01:15:28.032 16867 17103 D SemCamera-JNI-Java: handleMessage: 16
10-07 01:15:28.075 16867 17103 D SemCamera-JNI-Java: handleMessage: 16
10-07 01:15:28.120 16867 17103 D SemCamera-JNI-Java: handleMessage: 16
10-07 01:15:28.159 16867 17103 I SemCamera-JNI-Java: BRIGHTNESS_VALUE(-3.2890625)
10-07 01:15:28.162 16867 17103 D SemCamera-JNI-Java: handleMessage: 16
10-07 01:15:28.202 16867 17103 D SemCamera-JNI-Java: handleMessage: 16
10-07 01:15:28.243 16867 17103 D SemCamera-JNI-Java: handleMessage: 16
10-07 01:15:28.288 16867 17103 D SemCamera-JNI-Java: handleMessage: 16
10-07 01:15:28.328 16867 17103 D SemCamera-JNI-Java: handleMessage: 16
10-07 01:15:28.374 16867 17103 D SemCamera-JNI-Java: handleMessage: 16
10-07 01:15:28.376 16867 17103 I SemCamera-JNI-Java: BRIGHTNESS_VALUE(-3.2695312)
10-07 01:15:28.414 16867 17103 D SemCamera-JNI-Java: handleMessage: 16
10-07 01:15:28.459 16867 17103 D SemCamera-JNI-Java: handleMessage: 16
10-07 01:15:28.495 16867 17103 D SemCamera-JNI-Java: handleMessage: 16
10-07 01:15:28.539 16867 17103 D SemCamera-JNI-Java: handleMessage: 16
10-07 01:15:28.579 16867 17103 D SemCamera-JNI-Java: handleMessage: 16
10-07 01:15:28.580 16867 17103 I SemCamera-JNI-Java: BRIGHTNESS_VALUE(-3.2578125)
10-07 01:15:28.580   705  1176 I SurfaceFlinger: id=8568 Removed com.sec.android.app.camera/com.sec.android.app.camera.Camera[16867]#0 (0/123)
10-07 01:15:28.594   705   705 I Layer   : id=8568 onRemoved com.sec.android.app.camera/com.sec.android.app.camera.Camera[16867]#0 
10-07 01:15:28.594   705   705 I Layer   : id=8570 onRemoved Background for -SurfaceView - com.sec.android.app.camera/com.sec.android.app.camera.Camera@3601784@0[16867]#0 
10-07 01:15:28.594   705   705 I Layer   : id=8572 onRemoved Background for -SurfaceView - com.sec.android.app.camera/com.sec.android.app.camera.Camera@dfdfaab@0[16867]#0 
10-07 01:15:28.594   705   705 I Layer   : id=8569 onRemoved SurfaceView - com.sec.android.app.camera/com.sec.android.app.camera.Camera@3601784@0[16867]#0 
10-07 01:15:28.594   705   705 I Layer   : id=8571 onRemoved SurfaceView - com.sec.android.app.camera/com.sec.android.app.camera.Camera@dfdfaab@0[16867]#0 
10-07 01:15:28.594   705   763 E BufferQueueProducer: [SurfaceView - com.sec.android.app.camera/com.sec.android.app.camera.Camera@3601784@0[16867]#0] dequeueBuffer: BufferQueue has been abandoned
10-07 01:15:28.602  1448  1555 W libprocessgroup: kill(-16867, 9) failed: No such process
10-07 01:15:28.608  1448  1555 W libprocessgroup: kill(-16867, 9) failed: No such process
10-07 01:15:28.616  1448  1555 W libprocessgroup: kill(-16867, 9) failed: No such process
10-07 01:15:28.620   705   763 E BufferQueueProducer: [SurfaceView - com.sec.android.app.camera/com.sec.android.app.camera.Camera@3601784@0[16867]#0] queueBuffer: BufferQueue has been abandoned
10-07 01:15:28.621   705   763 E BufferQueueProducer: [SurfaceView - com.sec.android.app.camera/com.sec.android.app.camera.Camera@3601784@0[16867]#0] dequeueBuffer: BufferQueue has been abandoned
10-07 01:15:28.621  1448  1555 W libprocessgroup: kill(-16867, 9) failed: No such process
10-07 01:15:28.627  1448  1555 W libprocessgroup: kill(-16867, 9) failed: No such process
10-07 01:15:28.633  1448  1555 W libprocessgroup: kill(-16867, 9) failed: No such process
10-07 01:15:28.641  1448  1555 W libprocessgroup: kill(-16867, 9) failed: No such process
10-07 01:15:28.646  1448  1555 W libprocessgroup: kill(-16867, 9) failed: No such process
10-07 01:15:28.655  1448  1555 W libprocessgroup: kill(-16867, 9) failed: No such process
10-07 01:15:28.655   705   763 E BufferQueueProducer: [SurfaceView - com.sec.android.app.camera/com.sec.android.app.camera.Camera@3601784@0[16867]#0] cancelBuffer: BufferQueue has been abandoned
10-07 01:15:28.657   705   763 E BufferQueueProducer: [SurfaceView - com.sec.android.app.camera/com.sec.android.app.camera.Camera@3601784@0[16867]#0] cancelBuffer: BufferQueue has been abandoned
10-07 01:15:28.660   705  2317 E BufferQueueProducer: [SurfaceView - com.sec.android.app.camera/com.sec.android.app.camera.Camera@3601784@0[16867]#0] cancelBuffer: BufferQueue has been abandoned
10-07 01:15:28.661   705  2317 E BufferQueueProducer: [SurfaceView - com.sec.android.app.camera/com.sec.android.app.camera.Camera@3601784@0[16867]#0] cancelBuffer: BufferQueue has been abandoned
10-07 01:15:28.661   989   989 I Zygote  : Process 16867 exited due to signal (9)
10-07 01:15:28.664   705  2317 E BufferQueueProducer: [SurfaceView - com.sec.android.app.camera/com.sec.android.app.camera.Camera@3601784@0[16867]#0] connect: BufferQueue has been abandoned
10-07 01:15:28.664   705  2317 E BufferQueueProducer: [SurfaceView - com.sec.android.app.camera/com.sec.android.app.camera.Camera@3601784@0[16867]#0] setMaxDequeuedBufferCount: BufferQueue has been abandoned
10-07 01:15:28.664  1448  1555 W libprocessgroup: kill(-16867, 9) failed: No such process
10-07 01:15:28.664  1448  1555 I libprocessgroup: Successfully killed process cgroup uid 10068 pid 16867 in 61ms
10-07 01:15:28.665 17192 17226 D APEX:MotionPhotoComposeServiceImpl: do 101, data: Bundle[{id=com.sec.android.app.camera16867}]
10-07 01:15:28.673 17192 17226 D APEX:MotionPhotoComposeServiceImpl: do 9, data: Bundle[{id=com.sec.android.app.camera16867}]
10-07 01:15:28.685 17192 17226 D APEX:MotionPhotoComposeServiceImpl: do 7, data: Bundle[{id=com.sec.android.app.camera16867, token=2054414358}]
10-07 01:15:28.693  1448  2671 D SLocation: sendStartToNSFLP 22 Bundle[{cbtype=2, provider=slocation, pid=16867, uid=10068, interval=1, listenerid=fd3063, packageName=com.sec.android.app.camera}]
